Component: ARM Compiler 5.06 update 6 (build 750) Tool: armlink [4d35ed]

==============================================================================

Section Cross References

    main.o(i.HAL_TIM_PeriodElapsedCallback) refers to stm32f4xx_hal.o(i.HAL_IncTick) for HAL_IncTick
    main.o(i.SystemClock_Config) refers to memseta.o(.text) for __aeabi_memclr4
    main.o(i.SystemClock_Config) refers to stm32f4xx_hal_rcc.o(i.HAL_RCC_OscConfig) for HAL_RCC_OscConfig
    main.o(i.SystemClock_Config) refers to main.o(i.Error_Handler) for Error_Handler
    main.o(i.SystemClock_Config) refers to stm32f4xx_hal_pwr_ex.o(i.HAL_PWREx_EnableOverDrive) for HAL_PWREx_EnableOverDrive
    main.o(i.SystemClock_Config) refers to stm32f4xx_hal_rcc.o(i.HAL_RCC_ClockConfig) for HAL_RCC_ClockConfig
    main.o(i.SystemClock_Config) refers to stm32f4xx_hal_rcc_ex.o(i.HAL_RCCEx_PeriphCLKConfig) for HAL_RCCEx_PeriphCLKConfig
    main.o(i.main) refers to stm32f4xx_hal.o(i.HAL_Init) for HAL_Init
    main.o(i.main) refers to main.o(i.SystemClock_Config) for SystemClock_Config
    main.o(i.main) refers to gpio.o(i.MX_GPIO_Init) for MX_GPIO_Init
    main.o(i.main) refers to dma.o(i.MX_DMA_Init) for MX_DMA_Init
    main.o(i.main) refers to rtc.o(i.MX_RTC_Init) for MX_RTC_Init
    main.o(i.main) refers to tim.o(i.MX_TIM1_Init) for MX_TIM1_Init
    main.o(i.main) refers to tim.o(i.MX_TIM2_Init) for MX_TIM2_Init
    main.o(i.main) refers to tim.o(i.MX_TIM3_Init) for MX_TIM3_Init
    main.o(i.main) refers to tim.o(i.MX_TIM4_Init) for MX_TIM4_Init
    main.o(i.main) refers to tim.o(i.MX_TIM5_Init) for MX_TIM5_Init
    main.o(i.main) refers to tim.o(i.MX_TIM8_Init) for MX_TIM8_Init
    main.o(i.main) refers to tim.o(i.MX_TIM12_Init) for MX_TIM12_Init
    main.o(i.main) refers to can.o(i.MX_CAN1_Init) for MX_CAN1_Init
    main.o(i.main) refers to can.o(i.MX_CAN2_Init) for MX_CAN2_Init
    main.o(i.main) refers to sdio.o(i.MX_SDIO_SD_Init) for MX_SDIO_SD_Init
    main.o(i.main) refers to spi.o(i.MX_SPI5_Init) for MX_SPI5_Init
    main.o(i.main) refers to usart.o(i.MX_USART1_UART_Init) for MX_USART1_UART_Init
    main.o(i.main) refers to usart.o(i.MX_USART2_UART_Init) for MX_USART2_UART_Init
    main.o(i.main) refers to usart.o(i.MX_USART3_UART_Init) for MX_USART3_UART_Init
    main.o(i.main) refers to usart.o(i.MX_USART6_UART_Init) for MX_USART6_UART_Init
    main.o(i.main) refers to iwdg.o(i.MX_IWDG_Init) for MX_IWDG_Init
    main.o(i.main) refers to usart.o(i.MX_UART7_Init) for MX_UART7_Init
    main.o(i.main) refers to usart.o(i.MX_UART8_Init) for MX_UART8_Init
    main.o(i.main) refers to spi.o(i.MX_SPI1_Init) for MX_SPI1_Init
    main.o(i.main) refers to adc.o(i.MX_ADC1_Init) for MX_ADC1_Init
    main.o(i.main) refers to infantry.o(i.infantry_init) for infantry_init
    main.o(i.main) refers to freertos.o(i.MX_FREERTOS_Init) for MX_FREERTOS_Init
    main.o(i.main) refers to cmsis_os.o(i.osKernelStart) for osKernelStart
    gpio.o(i.MX_GPIO_Init) refers to memseta.o(.text) for __aeabi_memclr4
    gpio.o(i.MX_GPIO_Init) refers to stm32f4xx_hal_gpio.o(i.HAL_GPIO_WritePin) for HAL_GPIO_WritePin
    gpio.o(i.MX_GPIO_Init) refers to stm32f4xx_hal_gpio.o(i.HAL_GPIO_Init) for HAL_GPIO_Init
    adc.o(i.HAL_ADC_MspDeInit) refers to stm32f4xx_hal_gpio.o(i.HAL_GPIO_DeInit) for HAL_GPIO_DeInit
    adc.o(i.HAL_ADC_MspDeInit) refers to stm32f4xx_hal_dma.o(i.HAL_DMA_DeInit) for HAL_DMA_DeInit
    adc.o(i.HAL_ADC_MspInit) refers to memseta.o(.text) for __aeabi_memclr4
    adc.o(i.HAL_ADC_MspInit) refers to stm32f4xx_hal_gpio.o(i.HAL_GPIO_Init) for HAL_GPIO_Init
    adc.o(i.HAL_ADC_MspInit) refers to stm32f4xx_hal_dma.o(i.HAL_DMA_Init) for HAL_DMA_Init
    adc.o(i.HAL_ADC_MspInit) refers to main.o(i.Error_Handler) for Error_Handler
    adc.o(i.HAL_ADC_MspInit) refers to adc.o(.bss) for .bss
    adc.o(i.MX_ADC1_Init) refers to stm32f4xx_hal_adc.o(i.HAL_ADC_Init) for HAL_ADC_Init
    adc.o(i.MX_ADC1_Init) refers to main.o(i.Error_Handler) for Error_Handler
    adc.o(i.MX_ADC1_Init) refers to stm32f4xx_hal_adc.o(i.HAL_ADC_ConfigChannel) for HAL_ADC_ConfigChannel
    adc.o(i.MX_ADC1_Init) refers to adc.o(.bss) for .bss
    can.o(i.HAL_CAN_MspDeInit) refers to stm32f4xx_hal_gpio.o(i.HAL_GPIO_DeInit) for HAL_GPIO_DeInit
    can.o(i.HAL_CAN_MspDeInit) refers to stm32f4xx_hal_cortex.o(i.HAL_NVIC_DisableIRQ) for HAL_NVIC_DisableIRQ
    can.o(i.HAL_CAN_MspDeInit) refers to can.o(.data) for .data
    can.o(i.HAL_CAN_MspInit) refers to memseta.o(.text) for __aeabi_memclr4
    can.o(i.HAL_CAN_MspInit) refers to stm32f4xx_hal_gpio.o(i.HAL_GPIO_Init) for HAL_GPIO_Init
    can.o(i.HAL_CAN_MspInit) refers to stm32f4xx_hal_cortex.o(i.HAL_NVIC_SetPriority) for HAL_NVIC_SetPriority
    can.o(i.HAL_CAN_MspInit) refers to stm32f4xx_hal_cortex.o(i.HAL_NVIC_EnableIRQ) for HAL_NVIC_EnableIRQ
    can.o(i.HAL_CAN_MspInit) refers to can.o(.data) for .data
    can.o(i.MX_CAN1_Init) refers to stm32f4xx_hal_can.o(i.HAL_CAN_Init) for HAL_CAN_Init
[...]
    e                                        0x200003c8   Data           8  stmgood.o(.data)
    __stdout                                 0x200003ec   Data           4  stdout.o(.data)
    hadc1                                    0x200003f4   Data          72  adc.o(.bss)
    hdma_adc1                                0x2000043c   Data          96  adc.o(.bss)
    hcan1                                    0x2000049c   Data          40  can.o(.bss)
    hcan2                                    0x200004c4   Data          40  can.o(.bss)
    hiwdg                                    0x200009a4   Data          12  iwdg.o(.bss)
    hrtc                                     0x200009b0   Data          32  rtc.o(.bss)
    hsd                                      0x200009d0   Data         132  sdio.o(.bss)
    hspi1                                    0x20000a54   Data          88  spi.o(.bss)
    hspi5                                    0x20000aac   Data          88  spi.o(.bss)
    htim6                                    0x20000b04   Data          64  stm32f4xx_hal_timebase_tim.o(.bss)
    htim1                                    0x20000b44   Data          64  tim.o(.bss)
    htim2                                    0x20000b84   Data          64  tim.o(.bss)
    htim3                                    0x20000bc4   Data          64  tim.o(.bss)
    htim4                                    0x20000c04   Data          64  tim.o(.bss)
    htim5                                    0x20000c44   Data          64  tim.o(.bss)
    htim8                                    0x20000c84   Data          64  tim.o(.bss)
    htim12                                   0x20000cc4   Data          64  tim.o(.bss)
    huart7                                   0x20000d04   Data          64  usart.o(.bss)
    huart8                                   0x20000d44   Data          64  usart.o(.bss)
    huart1                                   0x20000d84   Data          64  usart.o(.bss)
    huart2                                   0x20000dc4   Data          64  usart.o(.bss)
    huart3                                   0x20000e04   Data          64  usart.o(.bss)
    huart6                                   0x20000e44   Data          64  usart.o(.bss)
    hdma_uart7_rx                            0x20000e84   Data          96  usart.o(.bss)
    hdma_uart8_rx                            0x20000ee4   Data          96  usart.o(.bss)
    hdma_usart1_rx                           0x20000f44   Data          96  usart.o(.bss)
    hdma_usart2_rx                           0x20000fa4   Data          96  usart.o(.bss)
    hdma_usart3_rx                           0x20001004   Data          96  usart.o(.bss)
    hdma_usart6_rx                           0x20001064   Data          96  usart.o(.bss)
    xQueueRegistry                           0x200010c4   Data          64  queue.o(.bss)
    dbus_buffer                              0x20004ee4   Data          30  drv_uart.o(.bss)
    debug_buffer                             0x20004f02   Data          30  drv_uart.o(.bss)
    vision_buffer                            0x20004f20   Data          30  drv_uart.o(.bss)
    cali_param                               0x20004f40   Data          32  drv_flash.o(.bss)
    RC_Ctl                                   0x20004f60   Data          22  drv_dbus.o(.bss)
    s_vision_info                            0x20005b7c   Data          92  drv_nuc_interface.o(.bss)
    s_keymouse                               0x20005bd8   Data          54  drv_keyboard.o(.bss)
    Judge_GameRobotState                     0x20005c10   Data          16  drv_judgesystem.o(.bss)
    Judge_PowerHeatData                      0x20005c20   Data          16  drv_judgesystem.o(.bss)
    Judge_GameRobotPos                       0x20005c30   Data          16  drv_judgesystem.o(.bss)
    Judge_ClientData                         0x20005c40   Data          16  drv_judgesystem.o(.bss)
    INS_Angle                                0x20005c74   Data          12  dataexchange.o(.bss)
    mpu_data                                 0x20005cdc   Data          38  drv_imu.o(.bss)
    s_imu_temp_pid                           0x20005d04   Data          64  drv_imu.o(.bss)
    sensor                                   0x20005d44   Data          36  drv_imu.o(.bss)
    s_judge                                  0x20005d68   Data          16  infantry.o(.bss)
    s_chassis_spd_pid                        0x20005d78   Data         256  chassis.o(.bss)
    s_follow_pos_pid                         0x20005e78   Data          64  chassis.o(.bss)
    s_follow_spd_pid                         0x20005eb8   Data          64  chassis.o(.bss)
    s_swing_pid                              0x20005ef8   Data          64  chassis.o(.bss)
    s_chassis                                0x20005f38   Data          52  chassis.o(.bss)
    s_chassis_motor                          0x20005f70   Data         352  chassis.o(.bss)
    s_yaw_pos_pid                            0x200060d0   Data          64  gimbal.o(.bss)
    s_yaw_spd_pid                            0x20006110   Data          64  gimbal.o(.bss)
    s_pitch_pos_pid                          0x20006150   Data          64  gimbal.o(.bss)
    s_pitch_spd_pid                          0x20006190   Data          64  gimbal.o(.bss)
    s_trans_pos_pid                          0x200061d0   Data          64  shoot.o(.bss)
    s_trans_spd_pid                          0x20006210   Data          64  shoot.o(.bss)
    s_fric_l_spd_pid                         0x20006250   Data          64  shoot.o(.bss)
    s_fric_r_spd_pid                         0x20006290   Data          64  shoot.o(.bss)
    s_fric_l_motor                           0x200062d0   Data          88  shoot.o(.bss)
    s_fric_r_motor                           0x20006328   Data          88  shoot.o(.bss)
    s_yaw_track_pid                          0x20006380   Data          64  vision.o(.bss)
    s_pit_track_pid                          0x200063c0   Data          64  vision.o(.bss)
    s_yaw_fanwheel_pid                       0x20006400   Data          64  vision.o(.bss)
    s_pitch_fanwheel_pid                     0x20006440   Data          64  vision.o(.bss)
    s_yaw_vision_spd_pid                     0x20006480   Data          64  vision.o(.bss)
    s_pitch_vision_spd_pid                   0x200064c0   Data          64  vision.o(.bss)
    s_framediff_x_kal                        0x20006500   Data          28  vision.o(.bss)
    s_tar_abs_spd_kal                        0x2000651c   Data          28  vision.o(.bss)
    s_fanwheel_centerX_kal                   0x20006538   Data          28  vision.o(.bss)
    s_fanwheel_centerY_kal                   0x20006554   Data          28  vision.o(.bss)
    Cmd1                                     0x20006570   Data          20  stmgood.o(.bss)
    Cmd2                                     0x20006584   Data          80  stmgood.o(.bss)
    Data                                     0x200065d4   Data         100  stmgood.o(.bss)
    Str1                                     0x20006638   Data         100  stmgood.o(.bss)
    xx                                       0x200066a0   Data         800  stmgood.o(.bss)
    s_fps                                    0x200069c0   Data          32  monitor_task.o(.bss)
    s_sys_err                                0x200069e0   Data          26  monitor_task.o(.bss)
    __initial_sp                             0x20006e00   Data           0  startup_stm32f427xx.o(STACK)



==============================================================================

Memory Map of the image

  Image Entry point : 0x08000281

  Load Region LR_1 (Base: 0x08000000, Size: 0x00012ba0, Max: 0xffffffff, ABSOLUTE, COMPRESSED[0x00012818])

    Execution Region ER_RO (Exec base: 0x08000000, Load base: 0x08000000, Size: 0x000127ac, Max: 0xffffffff, ABSOLUTE)

    Exec Addr    Load Addr    Size         Type   Attr      Idx    E Section Name        Object

    0x08000000   0x08000000   0x000001ac   Data   RO         1136    RESET               startup_stm32f427xx.o
    0x080001ac   0x080001ac   0x00000000   Code   RO         1734  * .ARM.Collect$$$$00000000  mc_w.l(entry.o)
    0x080001ac   0x080001ac   0x00000004   Code   RO         1928    .ARM.Collect$$$$00000001  mc_w.l(entry2.o)
    0x080001b0   0x080001b0   0x00000004   Code   RO         1931    .ARM.Collect$$$$00000004  mc_w.l(entry5.o)
    0x080001b4   0x080001b4   0x00000000   Code   RO         1933    .ARM.Collect$$$$00000008  mc_w.l(entry7b.o)
    0x080001b4   0x080001b4   0x00000000   Code   RO         1935    .ARM.Collect$$$$0000000A  mc_w.l(entry8b.o)
    0x080001b4   0x080001b4   0x00000008   Code   RO         1936    .ARM.Collect$$$$0000000B  mc_w.l(entry9a.o)
    0x080001bc   0x080001bc   0x00000000   Code   RO         1938    .ARM.Collect$$$$0000000D  mc_w.l(entry10a.o)
    0x080001bc   0x080001bc   0x00000000   Code   RO         1940    .ARM.Collect$$$$0000000F  mc_w.l(entry11a.o)
    0x080001bc   0x080001bc   0x00000004   Code   RO         1929    .ARM.Collect$$$$00002712  mc_w.l(entry2.o)
    0x080001c0   0x080001c0   0x000000be   Code   RO         1123    .emb_text           port.o
    0x0800027e   0x0800027e   0x00000002   PAD
    0x08000280   0x08000280   0x00000024   Code   RO         1137  * .text               startup_stm32f427xx.o
    0x080002a4   0x080002a4   0x00000078   Code   RO         1588    .text               arm_cortexM4lf_math.lib(arm_cos_f32.o)
    0x0800031c   0x0800031c   0x00000094   Code   RO         1592    .text               arm_cortexM4lf_math.lib(arm_sin_f32.o)
    0x080003b0   0x080003b0   0x00000062   Code   RO         1737    .text               mc_w.l(uldiv.o)
    0x08000412   0x08000412   0x00000024   Code   RO         1738    .text               mc_w.l(memcpya.o)
    0x08000436   0x08000436   0x00000024   Code   RO         1740    .text               mc_w.l(memseta.o)
    0x0800045a   0x0800045a   0x0000014e   Code   RO         1873    .text               mf_w.l(dadd.o)
    0x080005a8   0x080005a8   0x000000e4   Code   RO         1874    .text               mf_w.l(dmul.o)
    0x0800068c   0x0800068c   0x000000de   Code   RO         1875    .text               mf_w.l(ddiv.o)
    0x0800076a   0x0800076a   0x0000002c   Code   RO         1877    .text               mf_w.l(ffltl.o)
    0x08000796   0x08000796   0x00000022   Code   RO         1878    .text               mf_w.l(dflti.o)
    0x080007b8   0x080007b8   0x00000028   Code   RO         1879    .text               mf_w.l(dfltl.o)
    0x080007e0   0x080007e0   0x0000003e   Code   RO         1880    .text               mf_w.l(dfixi.o)
    0x0800081e   0x0800081e   0x00000026   Code   RO         1881    .text               mf_w.l(f2d.o)
    0x08000844   0x08000844   0x00000030   Code   RO         1882    .text               mf_w.l(cdcmple.o)
    0x08000874   0x08000874   0x00000030   Code   RO         1883    .text               mf_w.l(cdrcmple.o)
    0x080008a4   0x080008a4   0x00000038   Code   RO         1884    .text               mf_w.l(d2f.o)
    0x080008dc   0x080008dc   0x0000002c   Code   RO         1943    .text               mc_w.l(uidiv.o)
    0x08000908   0x08000908   0x0000001e   Code   RO         1944    .text               mc_w.l(llshl.o)
    0x08000926   0x08000926   0x00000020   Code   RO         1945    .text               mc_w.l(llushr.o)
    0x08000946   0x08000946   0x00000024   Code   RO         1946    .text               mc_w.l(llsshr.o)
    0x0800096a   0x0800096a   0x00000000   Code   RO         1951    .text               mc_w.l(iusefp.o)
    0x0800096a   0x0800096a   0x0000006e   Code   RO         1952    .text               mf_w.l(fepilogue.o)
    0x080009d8   0x080009d8   0x000000ba   Code   RO         1953    .text               mf_w.l(depilogue.o)
    0x08000a92   0x08000a92   0x0000002e   Code   RO         1954    .text               mf_w.l(dscalb.o)
    0x08000ac0   0x08000ac0   0x000000a2   Code   RO         1955    .text               mf_w.l(dsqrt.o)
    0x08000b62   0x08000b62   0x00000030   Code   RO         1956    .text               mf_w.l(dfixul.o)
    0x08000b92   0x08000b92   0x00000002   PAD
    0x08000b94   0x08000b94   0x00000024   Code   RO         1957    .text               mc_w.l(init.o)
    0x08000bb8   0x08000bb8   0x0000001a   Code   RO         1958    .text               mf_w.l(dfltui.o)
    0x08000bd2   0x08000bd2   0x00000056   Code   RO         1964    .text               mc_w.l(__dczerorl2.o)
    0x08000c28   0x08000c28   0x0000006e   Code   RO          152    i.ADC_DMAConvCplt   stm32f4xx_hal_adc.o
    0x08000c96   0x08000c96   0x00000016   Code   RO          153    i.ADC_DMAError      stm32f4xx_hal_adc.o
    0x08000cac   0x08000cac   0x0000000a   Code   RO          154    i.ADC_DMAHalfConvCplt  stm32f4xx_hal_adc.o
    0x08000cb6   0x08000cb6   0x00000002   PAD
    0x08000cb8   0x08000cb8   0x00000130   Code   RO          155    i.ADC_Init          stm32f4xx_hal_adc.o
    0x08000de8   0x08000de8   0x00000004   Code   RO         1355    i.AHRS_asinf        ahrs_middleware.o
    0x08000dec   0x08000dec   0x00000004   Code   RO         1356    i.AHRS_atan2f       ahrs_middleware.o
    0x08000df0   0x08000df0   0x00000004   Code   RO         1357    i.AHRS_cosf         ahrs_middleware.o
    0x08000df4   0x08000df4   0x0000001a   Code   RO         1570    i.AHRS_fabs         AHRS.lib(ahrs.o)
    0x08000e0e   0x08000e0e   0x00000002   PAD
    0x08000e10   0x08000e10   0x00000014   Code   RO         1358    i.AHRS_get_height   ahrs_middleware.o
    0x08000e24   0x08000e24   0x00000014   Code   RO         1359    i.AHRS_get_latitude  ahrs_middleware.o
    0x08000e38   0x08000e38   0x0000029c   Code   RO         1571    i.AHRS_init         AHRS.lib(ahrs.o)
    0x080010d4   0x080010d4   0x0000002c   Code   RO         1360    i.AHRS_invSqrt      ahrs_middleware.o
    0x08001100   0x08001100   0x00000004   Code   RO         1361    i.AHRS_sinf         ahrs_middleware.o
    0x08001104   0x08001104   0x0000013a   Code   RO         1572    i.AHRS_update       AHRS.lib(ahrs.o)
    0x0800123e   0x0800123e   0x00000020   Code   RO         1271    i.Append_CRC8_Check_Sum  crc.o
    0x0800125e   0x0800125e   0x00000002   Code   RO          120    i.BusFault_Handler  stm32f4xx_it.o
    0x08001260   0x08001260   0x0000000c   Code   RO         1147    i.Buzzer_off        drv_timer.o
    0x0800126c   0x0800126c   0x0000000c   Code   RO          121    i.CAN1_RX0_IRQHandler  stm32f4xx_it.o
    0x08001278   0x08001278   0x0000000c   Code   RO          122    i.CAN1_TX_IRQHandler  stm32f4xx_it.o
    0x08001284   0x08001284   0x0000000c   Code   RO          123    i.CAN2_RX0_IRQHandler  stm32f4xx_it.o
    0x08001290   0x08001290   0x0000000c   Code   RO          124    i.CAN2_TX_IRQHandler  stm32f4xx_it.o
    0x0800129c   0x0800129c   0x00000068   Code   RO         1170    i.CANFilter_Enable  drv_can.o
    0x08001304   0x08001304   0x0000001c   Code   RO         1171    i.CAN_Enable        drv_can.o
    0x08001320   0x08001320   0x0000004a   Code   RO         1172    i.Can_SendMsg       drv_can.o
    0x0800136a   0x0800136a   0x0000004e   Code   RO         1173    i.Can_SendMsg_by_byte  drv_can.o
    0x080013b8   0x080013b8   0x00000334   Code   RO         1461    i.Command           stmgood.o
    0x080016ec   0x080016ec   0x00000036   Code   RO         1462    i.CompStr           stmgood.o
    0x08001722   0x08001722   0x0000001a   Code   RO         1463    i.CopyStr           stmgood.o
    0x0800173c   0x0800173c   0x00000038   Code   RO         1156    i.DBUS_IDLE_IRQ     drv_uart.o
    0x08001774   0x08001774   0x0000000c   Code   RO          125    i.DMA1_Stream1_IRQHandler  stm32f4xx_it.o
    0x08001780   0x08001780   0x0000000c   Code   RO          126    i.DMA1_Stream3_IRQHandler  stm32f4xx_it.o
    0x0800178c   0x0800178c   0x0000000c   Code   RO          127    i.DMA1_Stream5_IRQHandler  stm32f4xx_it.o
    0x08001798   0x08001798   0x0000000c   Code   RO          128    i.DMA1_Stream6_IRQHandler  stm32f4xx_it.o
    0x080017a4   0x080017a4   0x0000000c   Code   RO          129    i.DMA2_Stream0_IRQHandler  stm32f4xx_it.o
    0x080017b0   0x080017b0   0x0000000c   Code   RO          130    i.DMA2_Stream1_IRQHandler  stm32f4xx_it.o
    0x080017bc   0x080017bc   0x0000000c   Code   RO          131    i.DMA2_Stream5_IRQHandler  stm32f4xx_it.o
    0x080017c8   0x080017c8   0x0000002c   Code   RO          296    i.DMA_CalcBaseAndBitshift  stm32f4xx_hal_dma.o
    0x080017f4   0x080017f4   0x00000078   Code   RO          297    i.DMA_CheckFifoParam  stm32f4xx_hal_dma.o
    0x0800186c   0x0800186c   0x0000002a   Code   RO          298    i.DMA_SetConfig     stm32f4xx_hal_dma.o
    0x08001896   0x08001896   0x00000002   PAD
    0x08001898   0x08001898   0x00000090   Code   RO         1464    i.DealStr           stmgood.o
    0x08001928   0x08001928   0x0000008c   Code   RO         1465    i.Dealdata          stmgood.o
    0x080019b4   0x080019b4   0x00000002   Code   RO          132    i.DebugMon_Handler  stm32f4xx_it.o
    0x080019b6   0x080019b6   0x00000002   PAD
    0x080019b8   0x080019b8   0x00000038   Code   RO         1206    i.Di                drv_buzzer.o
    0x080019f0   0x080019f0   0x0000004c   Code   RO         1207    i.Di_Di             drv_buzzer.o
    0x08001a3c   0x08001a3c   0x00000060   Code   RO         1208    i.Di_Di_Di          drv_buzzer.o
    0x08001a9c   0x08001a9c   0x00000074   Code   RO         1209    i.Di_Di_Di_Di       drv_buzzer.o
    0x08001b10   0x08001b10   0x00000010   Code   RO         1210    i.DoNot_Di          drv_buzzer.o
    0x08001b20   0x08001b20   0x00000002   Code   RO            4    i.Error_Handler     main.o
    0x08001b22   0x08001b22   0x0000001c   Code   RO         1466    i.FirstSpace        stmgood.o
    0x08001b3e   0x08001b3e   0x00000002   PAD
    0x08001b40   0x08001b40   0x00000030   Code   RO         1272    i.Get_CRC16_Check_Sum  crc.o
    0x08001b70   0x08001b70   0x0000001c   Code   RO         1273    i.Get_CRC8_Check_Sum  crc.o
    0x08001b8c   0x08001b8c   0x00000040   Code   RO         1238    i.Get_Data_SeveralTimes_Ago  drv_nuc_interface.o
    0x08001bcc   0x08001bcc   0x0000016c   Code   RO          157    i.HAL_ADC_ConfigChannel  stm32f4xx_hal_adc.o
    0x08001d38   0x08001d38   0x0000007c   Code   RO         1179    i.HAL_ADC_ConvCpltCallback  drv_adc.o
    0x08001db4   0x08001db4   0x00000002   Code   RO          159    i.HAL_ADC_ConvHalfCpltCallback  stm32f4xx_hal_adc.o
    0x08001db6   0x08001db6   0x00000002   Code   RO          161    i.HAL_ADC_ErrorCallback  stm32f4xx_hal_adc.o
    0x08001db8   0x08001db8   0x00000054   Code   RO          166    i.HAL_ADC_Init      stm32f4xx_hal_adc.o
    0x08001e0c   0x08001e0c   0x0000009c   Code   RO           16    i.HAL_ADC_MspInit   adc.o
    0x08001ea8   0x08001ea8   0x0000014c   Code   RO          173    i.HAL_ADC_Start_DMA  stm32f4xx_hal_adc.o
    0x08001ff4   0x08001ff4   0x00000024   Code   RO          415    i.HAL_CAN_ActivateNotification  stm32f4xx_hal_can.o
    0x08002018   0x08002018   0x000000f2   Code   RO          416    i.HAL_CAN_AddTxMessage  stm32f4xx_hal_can.o
    0x0800210a   0x0800210a   0x00000002   PAD
    0x0800210c   0x0800210c   0x00000110   Code   RO          417    i.HAL_CAN_ConfigFilter  stm32f4xx_hal_can.o
    0x0800221c   0x0800221c   0x00000002   Code   RO          420    i.HAL_CAN_ErrorCallback  stm32f4xx_hal_can.o
    0x0800221e   0x0800221e   0x00000104   Code   RO          423    i.HAL_CAN_GetRxMessage  stm32f4xx_hal_can.o
    0x08002322   0x08002322   0x000001fc   Code   RO          427    i.HAL_CAN_IRQHandler  stm32f4xx_hal_can.o
    0x0800251e   0x0800251e   0x00000152   Code   RO          428    i.HAL_CAN_Init      stm32f4xx_hal_can.o
    0x08002670   0x08002670   0x00000120   Code   RO           23    i.HAL_CAN_MspInit   can.o
    0x08002790   0x08002790   0x00000002   Code   RO          435    i.HAL_CAN_RxFifo0FullCallback  stm32f4xx_hal_can.o
    0x08002792   0x08002792   0x00000002   PAD
    0x08002794   0x08002794   0x0000048c   Code   RO         1174    i.HAL_CAN_RxFifo0MsgPendingCallback  drv_can.o
    0x08002c20   0x08002c20   0x00000002   Code   RO          437    i.HAL_CAN_RxFifo1FullCallback  stm32f4xx_hal_can.o
    0x08002c22   0x08002c22   0x00000002   Code   RO          438    i.HAL_CAN_RxFifo1MsgPendingCallback  stm32f4xx_hal_can.o
    0x08002c24   0x08002c24   0x00000002   Code   RO          439    i.HAL_CAN_SleepCallback  stm32f4xx_hal_can.o
    0x08002c26   0x08002c26   0x00000058   Code   RO          440    i.HAL_CAN_Start     stm32f4xx_hal_can.o
    0x08002c7e   0x08002c7e   0x00000002   Code   RO          442    i.HAL_CAN_TxMailbox0AbortCallback  stm32f4xx_hal_can.o
    0x08002c80   0x08002c80   0x00000002   Code   RO          443    i.HAL_CAN_TxMailbox0CompleteCallback  stm32f4xx_hal_can.o
    0x08002c82   0x08002c82   0x00000002   Code   RO          444    i.HAL_CAN_TxMailbox1AbortCallback  stm32f4xx_hal_can.o
    0x08002c84   0x08002c84   0x00000002   Code   RO          445    i.HAL_CAN_TxMailbox1CompleteCallback  stm32f4xx_hal_can.o
    0x08002c86   0x08002c86   0x00000002   Code   RO          446    i.HAL_CAN_TxMailbox2AbortCallback  stm32f4xx_hal_can.o
    0x08002c88   0x08002c88   0x00000002   Code   RO          447    i.HAL_CAN_TxMailbox2CompleteCallback  stm32f4xx_hal_can.o
    0x08002c8a   0x08002c8a   0x00000002   Code   RO          449    i.HAL_CAN_WakeUpFromRxMsgCallback  stm32f4xx_hal_can.o
    0x08002c8c   0x08002c8c   0x0000008e   Code   RO          299    i.HAL_DMA_Abort     stm32f4xx_hal_dma.o
    0x08002d1a   0x08002d1a   0x00000024   Code   RO          300    i.HAL_DMA_Abort_IT  stm32f4xx_hal_dma.o
    0x08002d3e   0x08002d3e   0x00000002   PAD
    0x08002d40   0x08002d40   0x000001d0   Code   RO          304    i.HAL_DMA_IRQHandler  stm32f4xx_hal_dma.o
    0x08002f10   0x08002f10   0x000000d4   Code   RO          305    i.HAL_DMA_Init      stm32f4xx_hal_dma.o
    0x08002fe4   0x08002fe4   0x00000078   Code   RO          309    i.HAL_DMA_Start_IT  stm32f4xx_hal_dma.o
    0x0800305c   0x0800305c   0x00000024   Code   RO          376    i.HAL_Delay         stm32f4xx_hal.o
    0x08003080   0x08003080   0x000001e0   Code   RO          281    i.HAL_GPIO_Init     stm32f4xx_hal_gpio.o
    0x08003260   0x08003260   0x00000012   Code   RO          284    i.HAL_GPIO_TogglePin  stm32f4xx_hal_gpio.o
    0x08003272   0x08003272   0x0000000e   Code   RO          285    i.HAL_GPIO_WritePin  stm32f4xx_hal_gpio.o
    0x08003280   0x08003280   0x0000000c   Code   RO          384    i.HAL_GetTick       stm32f4xx_hal.o
    0x0800328c   0x0800328c   0x00000052   Code   RO          453    i.HAL_IWDG_Init     stm32f4xx_hal_iwdg.o
    0x080032de   0x080032de   0x0000000c   Code   RO          454    i.HAL_IWDG_Refresh  stm32f4xx_hal_iwdg.o
    0x080032ea   0x080032ea   0x00000002   PAD
    0x080032ec   0x080032ec   0x00000010   Code   RO          390    i.HAL_IncTick       stm32f4xx_hal.o
    0x080032fc   0x080032fc   0x00000034   Code   RO          391    i.HAL_Init          stm32f4xx_hal.o
    0x08003330   0x08003330   0x00000074   Code   RO           87    i.HAL_InitTick      stm32f4xx_hal_timebase_tim.o
    0x080033a4   0x080033a4   0x00000038   Code   RO          148    i.HAL_MspInit       stm32f4xx_hal_msp.o
    0x080033dc   0x080033dc   0x0000001a   Code   RO          352    i.HAL_NVIC_EnableIRQ  stm32f4xx_hal_cortex.o
    0x080033f6   0x080033f6   0x00000002   PAD
    0x080033f8   0x080033f8   0x00000040   Code   RO          358    i.HAL_NVIC_SetPriority  stm32f4xx_hal_cortex.o
    0x08003438   0x08003438   0x00000024   Code   RO          359    i.HAL_NVIC_SetPriorityGrouping  stm32f4xx_hal_cortex.o
    0x0800345c   0x0800345c   0x00000074   Code   RO          341    i.HAL_PWREx_EnableOverDrive  stm32f4xx_hal_pwr_ex.o
    0x080034d0   0x080034d0   0x00000248   Code   RO          222    i.HAL_RCCEx_PeriphCLKConfig  stm32f4xx_hal_rcc_ex.o
    0x08003718   0x08003718   0x00000144   Code   RO          200    i.HAL_RCC_ClockConfig  stm32f4xx_hal_rcc.o
    0x0800385c   0x0800385c   0x0000003c   Code   RO          204    i.HAL_RCC_GetClockConfig  stm32f4xx_hal_rcc.o
    0x08003898   0x08003898   0x0000000c   Code   RO          205    i.HAL_RCC_GetHCLKFreq  stm32f4xx_hal_rcc.o
    0x080038a4   0x080038a4   0x00000020   Code   RO          207    i.HAL_RCC_GetPCLK1Freq  stm32f4xx_hal_rcc.o
    0x080038c4   0x080038c4   0x00000020   Code   RO          208    i.HAL_RCC_GetPCLK2Freq  stm32f4xx_hal_rcc.o
    0x080038e4   0x080038e4   0x0000006c   Code   RO          209    i.HAL_RCC_GetSysClockFreq  stm32f4xx_hal_rcc.o
    0x08003950   0x08003950   0x00000390   Code   RO          212    i.HAL_RCC_OscConfig  stm32f4xx_hal_rcc.o
    0x08003ce0   0x08003ce0   0x000000d0   Code   RO          508    i.HAL_RTCEx_SetWakeUpTimer  stm32f4xx_hal_rtc_ex.o
    0x08003db0   0x08003db0   0x000000b8   Code   RO          466    i.HAL_RTC_Init      stm32f4xx_hal_rtc.o
    0x08003e68   0x08003e68   0x00000018   Code   RO           62    i.HAL_RTC_MspInit   rtc.o
    0x08003e80   0x08003e80   0x000000d8   Code   RO          472    i.HAL_RTC_SetDate   stm32f4xx_hal_rtc.o
    0x08003f58   0x08003f58   0x000000f8   Code   RO          473    i.HAL_RTC_SetTime   stm32f4xx_hal_rtc.o
    0x08004050   0x08004050   0x00000034   Code   RO          474    i.HAL_RTC_WaitForSynchro  stm32f4xx_hal_rtc.o
    0x08004084   0x08004084   0x00000002   Code   RO          567    i.HAL_SD_AbortCallback  stm32f4xx_hal_sd.o
    0x08004086   0x08004086   0x000000a2   Code   RO          569    i.HAL_SD_ConfigWideBusOperation  stm32f4xx_hal_sd.o
    0x08004128   0x08004128   0x00000002   Code   RO          572    i.HAL_SD_ErrorCallback  stm32f4xx_hal_sd.o
    0x0800412a   0x0800412a   0x000001de   Code   RO          574    i.HAL_SD_GetCardCSD  stm32f4xx_hal_sd.o
    0x08004308   0x08004308   0x00000020   Code   RO          576    i.HAL_SD_GetCardState  stm32f4xx_hal_sd.o
    0x08004328   0x08004328   0x000001a4   Code   RO          580    i.HAL_SD_IRQHandler  stm32f4xx_hal_sd.o
    0x080044cc   0x080044cc   0x00000038   Code   RO          581    i.HAL_SD_Init       stm32f4xx_hal_sd.o
    0x08004504   0x08004504   0x00000074   Code   RO          582    i.HAL_SD_InitCard   stm32f4xx_hal_sd.o
    0x08004578   0x08004578   0x000000a4   Code   RO           69    i.HAL_SD_MspInit    sdio.o
    0x0800461c   0x0800461c   0x00000002   Code   RO          588    i.HAL_SD_RxCpltCallback  stm32f4xx_hal_sd.o
    0x0800461e   0x0800461e   0x00000002   Code   RO          589    i.HAL_SD_TxCpltCallback  stm32f4xx_hal_sd.o
    0x08004620   0x08004620   0x00000082   Code   RO          622    i.HAL_SPI_Init      stm32f4xx_hal_spi.o
    0x080046a2   0x080046a2   0x00000002   PAD
    0x080046a4   0x080046a4   0x000000b0   Code   RO           76    i.HAL_SPI_MspInit   spi.o
    0x08004754   0x08004754   0x00000180   Code   RO          630    i.HAL_SPI_Transmit  stm32f4xx_hal_spi.o
    0x080048d4   0x080048d4   0x000001e4   Code   RO          631    i.HAL_SPI_TransmitReceive  stm32f4xx_hal_spi.o
    0x08004ab8   0x08004ab8   0x00000002   Code   RO          786    i.HAL_TIMEx_BreakCallback  stm32f4xx_hal_tim_ex.o
    0x08004aba   0x08004aba   0x00000002   Code   RO          787    i.HAL_TIMEx_CommutCallback  stm32f4xx_hal_tim_ex.o
    0x08004abc   0x08004abc   0x00000054   Code   RO          789    i.HAL_TIMEx_ConfigBreakDeadTime  stm32f4xx_hal_tim_ex.o
    0x08004b10   0x08004b10   0x00000042   Code   RO          804    i.HAL_TIMEx_MasterConfigSynchronization  stm32f4xx_hal_tim_ex.o
    0x08004b52   0x08004b52   0x00000038   Code   RO          671    i.HAL_TIM_Base_Init  stm32f4xx_hal_tim.o
    0x08004b8a   0x08004b8a   0x00000002   Code   RO          673    i.HAL_TIM_Base_MspInit  stm32f4xx_hal_tim.o
    0x08004b8c   0x08004b8c   0x00000024   Code   RO          674    i.HAL_TIM_Base_Start  stm32f4xx_hal_tim.o
    0x08004bb0   0x08004bb0   0x00000022   Code   RO          676    i.HAL_TIM_Base_Start_IT  stm32f4xx_hal_tim.o
    0x08004bd2   0x08004bd2   0x00000002   Code   RO          700    i.HAL_TIM_IC_CaptureCallback  stm32f4xx_hal_tim.o
    0x08004bd4   0x08004bd4   0x0000016e   Code   RO          714    i.HAL_TIM_IRQHandler  stm32f4xx_hal_tim.o
    0x08004d42   0x08004d42   0x00000002   PAD
    0x08004d44   0x08004d44   0x000001d4   Code   RO           94    i.HAL_TIM_MspPostInit  tim.o
    0x08004f18   0x08004f18   0x00000002   Code   RO          717    i.HAL_TIM_OC_DelayElapsedCallback  stm32f4xx_hal_tim.o
    0x08004f1a   0x08004f1a   0x000000da   Code   RO          738    i.HAL_TIM_PWM_ConfigChannel  stm32f4xx_hal_tim.o
    0x08004ff4   0x08004ff4   0x00000038   Code   RO          741    i.HAL_TIM_PWM_Init  stm32f4xx_hal_tim.o
    0x0800502c   0x0800502c   0x000000d0   Code   RO           96    i.HAL_TIM_PWM_MspInit  tim.o
    0x080050fc   0x080050fc   0x00000002   Code   RO          744    i.HAL_TIM_PWM_PulseFinishedCallback  stm32f4xx_hal_tim.o
    0x080050fe   0x080050fe   0x00000002   PAD
    0x08005100   0x08005100   0x00000044   Code   RO          746    i.HAL_TIM_PWM_Start  stm32f4xx_hal_tim.o
    0x08005144   0x08005144   0x0000005c   Code   RO          749    i.HAL_TIM_PWM_Stop  stm32f4xx_hal_tim.o
    0x080051a0   0x080051a0   0x00000014   Code   RO            5    i.HAL_TIM_PeriodElapsedCallback  main.o
    0x080051b4   0x080051b4   0x00000002   Code   RO          757    i.HAL_TIM_TriggerCallback  stm32f4xx_hal_tim.o
    0x080051b6   0x080051b6   0x00000058   Code   RO          847    i.HAL_UART_DMAStop  stm32f4xx_hal_uart.o
    0x0800520e   0x0800520e   0x00000014   Code   RO         1157    i.HAL_UART_ErrorCallback  drv_uart.o
    0x08005222   0x08005222   0x00000002   PAD
    0x08005224   0x08005224   0x00000110   Code   RO          852    i.HAL_UART_IRQHandler  stm32f4xx_hal_uart.o
    0x08005334   0x08005334   0x00000064   Code   RO          853    i.HAL_UART_Init     stm32f4xx_hal_uart.o
    0x08005398   0x08005398   0x00000440   Code   RO          109    i.HAL_UART_MspInit  usart.o
    0x080057d8   0x080057d8   0x0000009c   Code   RO          857    i.HAL_UART_Receive_DMA  stm32f4xx_hal_uart.o
    0x08005874   0x08005874   0x00000056   Code   RO          858    i.HAL_UART_Receive_IT  stm32f4xx_hal_uart.o
    0x080058ca   0x080058ca   0x00000002   PAD
    0x080058cc   0x080058cc   0x00000038   Code   RO         1158    i.HAL_UART_RxCpltCallback  drv_uart.o
    0x08005904   0x08005904   0x00000002   Code   RO          860    i.HAL_UART_RxHalfCpltCallback  stm32f4xx_hal_uart.o
    0x08005906   0x08005906   0x000000cc   Code   RO          861    i.HAL_UART_Transmit  stm32f4xx_hal_uart.o
    0x080059d2   0x080059d2   0x00000002   Code   RO          864    i.HAL_UART_TxCpltCallback  stm32f4xx_hal_uart.o
    0x080059d4   0x080059d4   0x00000002   Code   RO          133    i.HardFault_Handler  stm32f4xx_it.o
    0x080059d6   0x080059d6   0x00000002   PAD
    0x080059d8   0x080059d8   0x000000dc   Code   RO         1310    i.LFP_Filter        dataexchange.o
    0x08005ab4   0x08005ab4   0x0000007c   Code   RO           17    i.MX_ADC1_Init      adc.o
    0x08005b30   0x08005b30   0x00000044   Code   RO           24    i.MX_CAN1_Init      can.o
    0x08005b74   0x08005b74   0x00000048   Code   RO           25    i.MX_CAN2_Init      can.o
    0x08005bbc   0x08005bbc   0x0000009c   Code   RO           31    i.MX_DMA_Init       dma.o
    0x08005c58   0x08005c58   0x000000ec   Code   RO           35    i.MX_FREERTOS_Init  freertos.o
    0x08005d44   0x08005d44   0x0000019c   Code   RO           11    i.MX_GPIO_Init      gpio.o
    0x08005ee0   0x08005ee0   0x0000002c   Code   RO           56    i.MX_IWDG_Init      iwdg.o
    0x08005f0c   0x08005f0c   0x00000090   Code   RO           63    i.MX_RTC_Init       rtc.o
    0x08005f9c   0x08005f9c   0x00000040   Code   RO           70    i.MX_SDIO_SD_Init   sdio.o
    0x08005fdc   0x08005fdc   0x00000048   Code   RO           77    i.MX_SPI1_Init      spi.o
    0x08006024   0x08006024   0x00000048   Code   RO           78    i.MX_SPI5_Init      spi.o
    0x0800606c   0x0800606c   0x00000070   Code   RO           97    i.MX_TIM12_Init     tim.o
    0x080060dc   0x080060dc   0x000000d4   Code   RO           98    i.MX_TIM1_Init      tim.o
    0x080061b0   0x080061b0   0x000000a4   Code   RO           99    i.MX_TIM2_Init      tim.o
    0x08006254   0x08006254   0x0000007c   Code   RO          100    i.MX_TIM3_Init      tim.o
    0x080062d0   0x080062d0   0x000000a4   Code   RO          101    i.MX_TIM4_Init      tim.o
    0x08006374   0x08006374   0x000000a4   Code   RO          102    i.MX_TIM5_Init      tim.o
    0x08006418   0x08006418   0x000000d4   Code   RO          103    i.MX_TIM8_Init      tim.o
    0x080064ec   0x080064ec   0x00000038   Code   RO          110    i.MX_UART7_Init     usart.o
    0x08006524   0x08006524   0x00000038   Code   RO          111    i.MX_UART8_Init     usart.o
    0x0800655c   0x0800655c   0x00000040   Code   RO          112    i.MX_USART1_UART_Init  usart.o
    0x0800659c   0x0800659c   0x00000038   Code   RO          113    i.MX_USART2_UART_Init  usart.o
    0x080065d4   0x080065d4   0x00000038   Code   RO          114    i.MX_USART3_UART_Init  usart.o
    0x0800660c   0x0800660c   0x00000038   Code   RO          115    i.MX_USART6_UART_Init  usart.o
    0x08006644   0x08006644   0x00000002   Code   RO          134    i.MemManage_Handler  stm32f4xx_it.o
    0x08006646   0x08006646   0x00000002   Code   RO          135    i.NMI_Handler       stm32f4xx_it.o
    0x08006648   0x08006648   0x00000016   Code   RO          476    i.RTC_ByteToBcd2    stm32f4xx_hal_rtc.o
    0x0800665e   0x0800665e   0x00000038   Code   RO          477    i.RTC_EnterInitMode  stm32f4xx_hal_rtc.o
    0x08006696   0x08006696   0x00000024   Code   RO          519    i.SDIO_ConfigData   stm32f4xx_ll_sdmmc.o
    0x080066ba   0x080066ba   0x00000006   Code   RO          520    i.SDIO_GetCommandResponse  stm32f4xx_ll_sdmmc.o
    0x080066c0   0x080066c0   0x00000008   Code   RO          523    i.SDIO_GetPowerState  stm32f4xx_ll_sdmmc.o
    0x080066c8   0x080066c8   0x0000000e   Code   RO          524    i.SDIO_GetResponse  stm32f4xx_ll_sdmmc.o
    0x080066d6   0x080066d6   0x00000002   PAD
    0x080066d8   0x080066d8   0x0000000c   Code   RO          136    i.SDIO_IRQHandler   stm32f4xx_it.o
    0x080066e4   0x080066e4   0x0000002a   Code   RO          525    i.SDIO_Init         stm32f4xx_ll_sdmmc.o
    0x0800670e   0x0800670e   0x00000008   Code   RO          527    i.SDIO_PowerState_ON  stm32f4xx_ll_sdmmc.o
    0x08006716   0x08006716   0x00000006   Code   RO          528    i.SDIO_ReadFIFO     stm32f4xx_ll_sdmmc.o
    0x0800671c   0x0800671c   0x00000020   Code   RO          529    i.SDIO_SendCommand  stm32f4xx_ll_sdmmc.o
    0x0800673c   0x0800673c   0x0000000a   Code   RO          531    i.SDIO_WriteFIFO    stm32f4xx_ll_sdmmc.o
    0x08006746   0x08006746   0x00000032   Code   RO          532    i.SDMMC_CmdAppCommand  stm32f4xx_ll_sdmmc.o
    0x08006778   0x08006778   0x00000034   Code   RO          533    i.SDMMC_CmdAppOperCommand  stm32f4xx_ll_sdmmc.o
    0x080067ac   0x080067ac   0x00000032   Code   RO          534    i.SDMMC_CmdBlockLength  stm32f4xx_ll_sdmmc.o
    0x080067de   0x080067de   0x00000032   Code   RO          535    i.SDMMC_CmdBusWidth  stm32f4xx_ll_sdmmc.o
    0x08006810   0x08006810   0x00000028   Code   RO          539    i.SDMMC_CmdGoIdleState  stm32f4xx_ll_sdmmc.o
    0x08006838   0x08006838   0x00000030   Code   RO          541    i.SDMMC_CmdOperCond  stm32f4xx_ll_sdmmc.o
    0x08006868   0x08006868   0x00000032   Code   RO          546    i.SDMMC_CmdSelDesel  stm32f4xx_ll_sdmmc.o
    0x0800689a   0x0800689a   0x0000002c   Code   RO          547    i.SDMMC_CmdSendCID  stm32f4xx_ll_sdmmc.o
    0x080068c6   0x080068c6   0x0000002c   Code   RO          548    i.SDMMC_CmdSendCSD  stm32f4xx_ll_sdmmc.o
    0x080068f2   0x080068f2   0x00000030   Code   RO          549    i.SDMMC_CmdSendSCR  stm32f4xx_ll_sdmmc.o
    0x08006922   0x08006922   0x00000032   Code   RO          550    i.SDMMC_CmdSendStatus  stm32f4xx_ll_sdmmc.o
    0x08006954   0x08006954   0x00000030   Code   RO          551    i.SDMMC_CmdSetRelAdd  stm32f4xx_ll_sdmmc.o
    0x08006984   0x08006984   0x00000034   Code   RO          553    i.SDMMC_CmdStopTransfer  stm32f4xx_ll_sdmmc.o
    0x080069b8   0x080069b8   0x00000034   Code   RO          557    i.SDMMC_GetCmdError  stm32f4xx_ll_sdmmc.o
    0x080069ec   0x080069ec   0x00000124   Code   RO          558    i.SDMMC_GetCmdResp1  stm32f4xx_ll_sdmmc.o
    0x08006b10   0x08006b10   0x00000050   Code   RO          559    i.SDMMC_GetCmdResp2  stm32f4xx_ll_sdmmc.o
    0x08006b60   0x08006b60   0x00000044   Code   RO          560    i.SDMMC_GetCmdResp3  stm32f4xx_ll_sdmmc.o
    0x08006ba4   0x08006ba4   0x0000008c   Code   RO          561    i.SDMMC_GetCmdResp6  stm32f4xx_ll_sdmmc.o
    0x08006c30   0x08006c30   0x00000048   Code   RO          562    i.SDMMC_GetCmdResp7  stm32f4xx_ll_sdmmc.o
    0x08006c78   0x08006c78   0x0000004a   Code   RO          595    i.SD_DMARxAbort     stm32f4xx_hal_sd.o
    0x08006cc2   0x08006cc2   0x0000004a   Code   RO          597    i.SD_DMATxAbort     stm32f4xx_hal_sd.o
    0x08006d0c   0x08006d0c   0x00000118   Code   RO          598    i.SD_FindSCR        stm32f4xx_hal_sd.o
    0x08006e24   0x08006e24   0x000000e2   Code   RO          599    i.SD_InitCard       stm32f4xx_hal_sd.o
    0x08006f06   0x08006f06   0x000000c4   Code   RO          601    i.SD_PowerON        stm32f4xx_hal_sd.o
    0x08006fca   0x08006fca   0x00000022   Code   RO          602    i.SD_Read_IT        stm32f4xx_hal_sd.o
    0x08006fec   0x08006fec   0x0000002e   Code   RO          604    i.SD_SendStatus     stm32f4xx_hal_sd.o
    0x0800701a   0x0800701a   0x00000052   Code   RO          605    i.SD_WideBus_Disable  stm32f4xx_hal_sd.o
    0x0800706c   0x0800706c   0x00000052   Code   RO          606    i.SD_WideBus_Enable  stm32f4xx_hal_sd.o
    0x080070be   0x080070be   0x00000022   Code   RO          607    i.SD_Write_IT       stm32f4xx_hal_sd.o
    0x080070e0   0x080070e0   0x0000005c   Code   RO          660    i.SPI_EndRxTxTransaction  stm32f4xx_hal_spi.o
    0x0800713c   0x0800713c   0x00000092   Code   RO          665    i.SPI_WaitFlagStateUntilTimeout  stm32f4xx_hal_spi.o
    0x080071ce   0x080071ce   0x00000056   Code   RO         1467    i.SplitStr          stmgood.o
    0x08007224   0x08007224   0x00000008   Code   RO           36    i.StartDefaultTask  freertos.o
    0x0800722c   0x0800722c   0x0000012c   Code   RO         1531    i.StartTask02       gimbal_task.o
    0x08007358   0x08007358   0x00000170   Code   RO         1535    i.StartTask03       chassis_task.o
    0x080074c8   0x080074c8   0x000000a8   Code   RO         1539    i.StartTask04       shoot_task.o
    0x08007570   0x08007570   0x00000030   Code   RO         1543    i.StartTask05       imu_update_task.o
    0x080075a0   0x080075a0   0x00000094   Code   RO         1547    i.StartTask06       monitor_task.o
    0x08007634   0x08007634   0x00000014   Code   RO         1560    i.StartTask07       debug_printf_task.o
    0x08007648   0x08007648   0x00000008   Code   RO           43    i.StartTask08       freertos.o
    0x08007650   0x08007650   0x00000008   Code   RO           44    i.StartTask09       freertos.o
    0x08007658   0x08007658   0x00000008   Code   RO           45    i.StartTask10       freertos.o
    0x08007660   0x08007660   0x00000134   Code   RO         1468    i.StrToFloat        stmgood.o
    0x08007794   0x08007794   0x00000012   Code   RO         1470    i.Strlen            stmgood.o
    0x080077a6   0x080077a6   0x00000002   PAD
    0x080077a8   0x080077a8   0x00000028   Code   RO         1471    i.SubStr            stmgood.o
    0x080077d0   0x080077d0   0x00000120   Code   RO         1548    i.SysModule_Offline  monitor_task.o
    0x080078f0   0x080078f0   0x0000002c   Code   RO         1124    i.SysTick_Handler   port.o
    0x0800791c   0x0800791c   0x00000068   Code   RO         1549    i.Sys_Alarming      monitor_task.o
    0x08007984   0x08007984   0x000000e0   Code   RO         1550    i.Sys_Running_Well  monitor_task.o
    0x08007a64   0x08007a64   0x00000060   Code   RO         1551    i.Sys_initializing  monitor_task.o
    0x08007ac4   0x08007ac4   0x000000c0   Code   RO            6    i.SystemClock_Config  main.o
    0x08007b84   0x08007b84   0x00000054   Code   RO          887    i.SystemInit        system_stm32f4xx.o
    0x08007bd8   0x08007bd8   0x0000000c   Code   RO          137    i.TIM6_DAC_IRQHandler  stm32f4xx_it.o
    0x08007be4   0x08007be4   0x000000cc   Code   RO          759    i.TIM_Base_SetConfig  stm32f4xx_hal_tim.o
    0x08007cb0   0x08007cb0   0x0000001a   Code   RO          760    i.TIM_CCxChannelCmd  stm32f4xx_hal_tim.o
    0x08007cca   0x08007cca   0x00000002   PAD
    0x08007ccc   0x08007ccc   0x00000028   Code   RO         1149    i.TIM_Enable        drv_timer.o
    0x08007cf4   0x08007cf4   0x00000068   Code   RO          772    i.TIM_OC1_SetConfig  stm32f4xx_hal_tim.o
    0x08007d5c   0x08007d5c   0x00000074   Code   RO          773    i.TIM_OC2_SetConfig  stm32f4xx_hal_tim.o
    0x08007dd0   0x08007dd0   0x00000070   Code   RO          774    i.TIM_OC3_SetConfig  stm32f4xx_hal_tim.o
    0x08007e40   0x08007e40   0x00000054   Code   RO          775    i.TIM_OC4_SetConfig  stm32f4xx_hal_tim.o
    0x08007e94   0x08007e94   0x00000004   Code   RO          138    i.UART7_IRQHandler  stm32f4xx_it.o
    0x08007e98   0x08007e98   0x0000000c   Code   RO          139    i.UART8_IRQHandler  stm32f4xx_it.o
    0x08007ea4   0x08007ea4   0x00000010   Code   RO          866    i.UART_DMAAbortOnError  stm32f4xx_hal_uart.o
    0x08007eb4   0x08007eb4   0x0000004a   Code   RO          867    i.UART_DMAError     stm32f4xx_hal_uart.o
    0x08007efe   0x08007efe   0x0000003c   Code   RO          868    i.UART_DMAReceiveCplt  stm32f4xx_hal_uart.o
    0x08007f3a   0x08007f3a   0x0000000a   Code   RO          870    i.UART_DMARxHalfCplt  stm32f4xx_hal_uart.o
    0x08007f44   0x08007f44   0x0000001c   Code   RO          876    i.UART_EndRxTransfer  stm32f4xx_hal_uart.o
    0x08007f60   0x08007f60   0x0000001a   Code   RO          877    i.UART_EndTransmit_IT  stm32f4xx_hal_uart.o
    0x08007f7a   0x08007f7a   0x00000012   Code   RO          878    i.UART_EndTxTransfer  stm32f4xx_hal_uart.o
    0x08007f8c   0x08007f8c   0x0000009c   Code   RO          879    i.UART_Receive_IT   stm32f4xx_hal_uart.o
    0x08008028   0x08008028   0x00000314   Code   RO          880    i.UART_SetConfig    stm32f4xx_hal_uart.o
    0x0800833c   0x0800833c   0x00000066   Code   RO          881    i.UART_Transmit_IT  stm32f4xx_hal_uart.o
    0x080083a2   0x080083a2   0x00000064   Code   RO          882    i.UART_WaitOnFlagUntilTimeout  stm32f4xx_hal_uart.o
    0x08008406   0x08008406   0x00000004   Code   RO          140    i.USART1_IRQHandler  stm32f4xx_it.o
    0x0800840a   0x0800840a   0x00000002   PAD
    0x0800840c   0x0800840c   0x0000000c   Code   RO          141    i.USART2_IRQHandler  stm32f4xx_it.o
    0x08008418   0x08008418   0x00000002   Code   RO          142    i.USART3_IRQHandler  stm32f4xx_it.o
    0x0800841a   0x0800841a   0x00000002   Code   RO          143    i.USART6_IRQHandler  stm32f4xx_it.o
    0x0800841c   0x0800841c   0x00000024   Code   RO         1159    i.USART_DMA_Enable  drv_uart.o
    0x08008440   0x08008440   0x00000016   Code   RO         1160    i.USART_Enable      drv_uart.o
    0x08008456   0x08008456   0x00000002   PAD
    0x08008458   0x08008458   0x00000334   Code   RO         1311    i.UpdateIMU         dataexchange.o
    0x0800878c   0x0800878c   0x00000002   Code   RO          144    i.UsageFault_Handler  stm32f4xx_it.o
    0x0800878e   0x0800878e   0x00000002   PAD
    0x08008790   0x08008790   0x00000038   Code   RO         1162    i.VISION_IDLE_IRQ   drv_uart.o
    0x080087c8   0x080087c8   0x00000040   Code   RO         1274    i.Verify_CRC16_Check_Sum  crc.o
    0x08008808   0x08008808   0x00000020   Code   RO         1859    i.__0printf         mc_w.l(printfa.o)
    0x08008828   0x08008828   0x00000030   Code   RO         1902    i.__ARM_fpclassify  m_wm.l(fpclassify.o)
    0x08008858   0x08008858   0x00000026   Code   RO         1903    i.__ARM_fpclassifyf  m_wm.l(fpclassifyf.o)
    0x0800887e   0x0800887e   0x00000020   Code   RO          365    i.__NVIC_SetPriority  stm32f4xx_hal_cortex.o
    0x0800889e   0x0800889e   0x00000002   PAD
    0x080088a0   0x080088a0   0x0000012c   Code   RO         1669    i.__hardfp_asinf    m_wm.l(asinf.o)
    0x080089cc   0x080089cc   0x00000004   PAD
    0x080089d0   0x080089d0   0x000002d8   Code   RO         1885    i.__hardfp_atan     m_wm.l(atan.o)
    0x08008ca8   0x08008ca8   0x000001f0   Code   RO         1675    i.__hardfp_atan2    m_wm.l(atan2.o)
    0x08008e98   0x08008e98   0x00000250   Code   RO         1681    i.__hardfp_atan2f   m_wm.l(atan2f.o)
    0x080090e8   0x080090e8   0x000000c8   Code   RO         1687    i.__hardfp_cos      m_wm.l(cos.o)
    0x080091b0   0x080091b0   0x00000150   Code   RO         1693    i.__hardfp_cosf     m_wm.l(cosf.o)
    0x08009300   0x08009300   0x00000014   Code   RO         1699    i.__hardfp_fabs     m_wm.l(fabs.o)
    0x08009314   0x08009314   0x00000004   PAD
    0x08009318   0x08009318   0x00000c50   Code   RO         1702    i.__hardfp_pow      m_wm.l(pow.o)
    0x08009f68   0x08009f68   0x000000c8   Code   RO         1710    i.__hardfp_sin      m_wm.l(sin.o)
    0x0800a030   0x0800a030   0x00000190   Code   RO         1716    i.__hardfp_sinf     m_wm.l(sinf.o)
    0x0800a1c0   0x0800a1c0   0x0000007a   Code   RO         1728    i.__hardfp_sqrt     m_wm.l(sqrt_full.o)
    0x0800a23a   0x0800a23a   0x00000006   PAD
    0x0800a240   0x0800a240   0x00000438   Code   RO         1913    i.__ieee754_rem_pio2  m_wm.l(rred.o)
    0x0800a678   0x0800a678   0x00000170   Code   RO         1893    i.__kernel_cos      m_wm.l(cos_i.o)
    0x0800a7e8   0x0800a7e8   0x000000f8   Code   RO         1911    i.__kernel_poly     m_wm.l(poly.o)
    0x0800a8e0   0x0800a8e0   0x00000130   Code   RO         1918    i.__kernel_sin      m_wm.l(sin_i.o)
    0x0800aa10   0x0800aa10   0x00000030   Code   RO         1895    i.__mathlib_dbl_divzero  m_wm.l(dunder.o)
    0x0800aa40   0x0800aa40   0x00000014   Code   RO         1896    i.__mathlib_dbl_infnan  m_wm.l(dunder.o)
    0x0800aa54   0x0800aa54   0x00000014   Code   RO         1897    i.__mathlib_dbl_infnan2  m_wm.l(dunder.o)
    0x0800aa68   0x0800aa68   0x00000020   Code   RO         1898    i.__mathlib_dbl_invalid  m_wm.l(dunder.o)
    0x0800aa88   0x0800aa88   0x00000020   Code   RO         1899    i.__mathlib_dbl_overflow  m_wm.l(dunder.o)
    0x0800aaa8   0x0800aaa8   0x00000020   Code   RO         1901    i.__mathlib_dbl_underflow  m_wm.l(dunder.o)
    0x0800aac8   0x0800aac8   0x00000006   Code   RO         1905    i.__mathlib_flt_infnan  m_wm.l(funder.o)
    0x0800aace   0x0800aace   0x00000006   Code   RO         1906    i.__mathlib_flt_infnan2  m_wm.l(funder.o)
    0x0800aad4   0x0800aad4   0x00000010   Code   RO         1907    i.__mathlib_flt_invalid  m_wm.l(funder.o)
    0x0800aae4   0x0800aae4   0x00000010   Code   RO         1910    i.__mathlib_flt_underflow  m_wm.l(funder.o)
    0x0800aaf4   0x0800aaf4   0x00000154   Code   RO         1916    i.__mathlib_rredf2  m_wm.l(rredf.o)
    0x0800ac48   0x0800ac48   0x0000000e   Code   RO         1961    i.__scatterload_copy  mc_w.l(handlers.o)
    0x0800ac56   0x0800ac56   0x00000002   Code   RO         1962    i.__scatterload_null  mc_w.l(handlers.o)
    0x0800ac58   0x0800ac58   0x0000000e   Code   RO         1963    i.__scatterload_zeroinit  mc_w.l(handlers.o)
    0x0800ac66   0x0800ac66   0x00000002   PAD
    0x0800ac68   0x0800ac68   0x0000000c   Code   RO         1949    i.__set_errno       mc_w.l(errno.o)
    0x0800ac74   0x0800ac74   0x00000184   Code   RO         1866    i._fp_digits        mc_w.l(printfa.o)
    0x0800adf8   0x0800adf8   0x000006dc   Code   RO         1867    i._printf_core      mc_w.l(printfa.o)
    0x0800b4d4   0x0800b4d4   0x00000024   Code   RO         1868    i._printf_post_padding  mc_w.l(printfa.o)
    0x0800b4f8   0x0800b4f8   0x0000002e   Code   RO         1869    i._printf_pre_padding  mc_w.l(printfa.o)
    0x0800b526   0x0800b526   0x0000002a   Code   RO         1279    i.abs_limit         pid.o
    0x0800b550   0x0800b550   0x000001d0   Code   RO         1573    i.accel_comple_filter  AHRS.lib(ahrs.o)
    0x0800b720   0x0800b720   0x0000018c   Code   RO         1574    i.accel_update_kp_ki  AHRS.lib(ahrs.o)
    0x0800b8ac   0x0800b8ac   0x00000014   Code   RO         1180    i.adc_init          drv_adc.o
    0x0800b8c0   0x0800b8c0   0x0000016c   Code   RO         1575    i.angle_to_quat     AHRS.lib(ahrs.o)
    0x0800ba2c   0x0800ba2c   0x00000010   Code   RO         1887    i.atan              m_wm.l(atan.o)
    0x0800ba3c   0x0800ba3c   0x00000002   Code   RO         1472    i.back              stmgood.o
    0x0800ba3e   0x0800ba3e   0x00000002   Code   RO         1473    i.back1             stmgood.o
    0x0800ba40   0x0800ba40   0x00000002   Code   RO         1474    i.backleft          stmgood.o
    0x0800ba42   0x0800ba42   0x00000002   Code   RO         1475    i.backleft1         stmgood.o
    0x0800ba44   0x0800ba44   0x00000002   Code   RO         1476    i.backright         stmgood.o
    0x0800ba46   0x0800ba46   0x00000002   Code   RO         1477    i.backright1        stmgood.o
    0x0800ba48   0x0800ba48   0x000000a8   Code   RO         1552    i.calculate_fps_per_second  monitor_task.o
    0x0800baf0   0x0800baf0   0x00000048   Code   RO         1373    i.calculate_power_param  chassis.o
    0x0800bb38   0x0800bb38   0x000000d8   Code   RO         1399    i.calculate_serial_pid_current  shoot.o
    0x0800bc10   0x0800bc10   0x000000c4   Code   RO         1388    i.calculate_serial_pid_current_by_gyro  gimbal.o
    0x0800bcd4   0x0800bcd4   0x00000028   Code   RO         1400    i.calculate_single_pid_current  shoot.o
    0x0800bcfc   0x0800bcfc   0x00000014   Code   RO         1186    i.cali_data_read    drv_flash.o
    0x0800bd10   0x0800bd10   0x00000004   Code   RO         1187    i.cali_param_init   drv_flash.o
    0x0800bd14   0x0800bd14   0x00000114   Code   RO         1374    i.chassis_param_init  chassis.o
    0x0800be28   0x0800be28   0x00000002   Code   RO         1375    i.chassis_pid_param_reset  chassis.o
    0x0800be2a   0x0800be2a   0x00000002   PAD
    0x0800be2c   0x0800be2c   0x00000010   Code   RO         1150    i.close_bullet_magazine  drv_timer.o
    0x0800be3c   0x0800be3c   0x000003d0   Code   RO         1478    i.cmd               stmgood.o
    0x0800c20c   0x0800c20c   0x00000108   Code   RO         1401    i.continue_motor_pos  shoot.o
    0x0800c314   0x0800c314   0x00000050   Code   RO         1415    i.detect_vision_state  vision.o
    0x0800c364   0x0800c364   0x00000028   Code   RO         1197    i.dubs_data_init    drv_dbus.o
    0x0800c38c   0x0800c38c   0x00000018   Code   RO         1701    i.fabs              m_wm.l(fabs.o)
    0x0800c3a4   0x0800c3a4   0x000000a0   Code   RO         1416    i.fanwheel_shoot_ctr  vision.o
    0x0800c444   0x0800c444   0x000000ac   Code   RO         1402    i.fire              shoot.o
    0x0800c4f0   0x0800c4f0   0x00000020   Code   RO         1299    i.float_constrain   usr_math.o
    0x0800c510   0x0800c510   0x00000018   Code   RO         1164    i.fputc             drv_uart.o
    0x0800c528   0x0800c528   0x000000e8   Code   RO         1576    i.get_angle         AHRS.lib(ahrs.o)
    0x0800c610   0x0800c610   0x0000012c   Code   RO         1376    i.get_chassis_spd   chassis.o
    0x0800c73c   0x0800c73c   0x00000144   Code   RO         1198    i.get_dbus_data     drv_dbus.o
    0x0800c880   0x0800c880   0x00000120   Code   RO         1417    i.get_fan_pitch_comp  vision.o
    0x0800c9a0   0x0800c9a0   0x00000040   Code   RO         1418    i.get_fan_y_target  vision.o
    0x0800c9e0   0x0800c9e0   0x00000054   Code   RO         1403    i.get_fric_spd_from_realspd  shoot.o
    0x0800ca34   0x0800ca34   0x00000114   Code   RO         1389    i.get_gimbal_target_pos  gimbal.o
    0x0800cb48   0x0800cb48   0x00000054   Code   RO         1250    i.get_key_state     drv_keyboard.o
    0x0800cb9c   0x0800cb9c   0x00000122   Code   RO         1251    i.get_keymouse_data  drv_keyboard.o
    0x0800ccbe   0x0800ccbe   0x00000002   PAD
    0x0800ccc0   0x0800ccc0   0x00000080   Code   RO         1323    i.get_mpu_gyro_offset  drv_imu.o
    0x0800cd40   0x0800cd40   0x00000054   Code   RO         1420    i.get_pitch_err_from_vision  vision.o
    0x0800cd94   0x0800cd94   0x000000e0   Code   RO         1421    i.get_robot_pitch_comp  vision.o
    0x0800ce74   0x0800ce74   0x00000048   Code   RO         1422    i.get_robot_pitch_initial_angle  vision.o
    0x0800cebc   0x0800cebc   0x00000160   Code   RO         1377    i.get_spd_from_keyboard  chassis.o
    0x0800d01c   0x0800d01c   0x000000f0   Code   RO         1423    i.get_target_by_vision  vision.o
    0x0800d10c   0x0800d10c   0x000000d8   Code   RO         1240    i.get_target_spd    drv_nuc_interface.o
    0x0800d1e4   0x0800d1e4   0x00000144   Code   RO         1424    i.get_yaw_err_from_vision  vision.o
    0x0800d328   0x0800d328   0x0000014c   Code   RO         1390    i.gimbal_ctrl       gimbal.o
    0x0800d474   0x0800d474   0x000000bc   Code   RO         1391    i.gimbal_param_init  gimbal.o
    0x0800d530   0x0800d530   0x00000002   Code   RO         1392    i.gimbal_pid_param_reset  gimbal.o
    0x0800d532   0x0800d532   0x00000002   Code   RO         1479    i.go                stmgood.o
    0x0800d534   0x0800d534   0x00000010   Code   RO         1480    i.go1               stmgood.o
    0x0800d544   0x0800d544   0x00000002   Code   RO         1481    i.goleft            stmgood.o
    0x0800d546   0x0800d546   0x00000002   Code   RO         1482    i.goleft1           stmgood.o
    0x0800d548   0x0800d548   0x00000002   Code   RO         1483    i.goright           stmgood.o
    0x0800d54a   0x0800d54a   0x00000002   Code   RO         1484    i.goright1          stmgood.o
    0x0800d54c   0x0800d54c   0x00000002   Code   RO         1425    i.gyro_shoot_ctr    vision.o
    0x0800d54e   0x0800d54e   0x00000002   PAD
    0x0800d550   0x0800d550   0x00000030   Code   RO         1325    i.imu_temp_ctrl_init  drv_imu.o
    0x0800d580   0x0800d580   0x00000030   Code   RO         1326    i.imu_temp_keep     drv_imu.o
    0x0800d5b0   0x0800d5b0   0x000000a8   Code   RO         1366    i.infantry_init     infantry.o
    0x0800d658   0x0800d658   0x00000010   Code   RO         1301    i.int16_constrain   usr_math.o
    0x0800d668   0x0800d668   0x00000010   Code   RO         1303    i.int_constrain     usr_math.o
    0x0800d678   0x0800d678   0x00000038   Code   RO         1141    i.io_init           drv_io.o
    0x0800d6b0   0x0800d6b0   0x0000000a   Code   RO         1327    i.ist8310_get_data  drv_imu.o
    0x0800d6ba   0x0800d6ba   0x00000002   PAD
    0x0800d6bc   0x0800d6bc   0x00000114   Code   RO         1328    i.ist8310_init      drv_imu.o
    0x0800d7d0   0x0800d7d0   0x00000038   Code   RO         1329    i.ist_reg_read_by_mpu  drv_imu.o
    0x0800d808   0x0800d808   0x00000042   Code   RO         1330    i.ist_reg_write_by_mpu  drv_imu.o
    0x0800d84a   0x0800d84a   0x00000022   Code   RO         1553    i.judge_one_offline  monitor_task.o
    0x0800d86c   0x0800d86c   0x0000011c   Code   RO         1554    i.judge_whether_module_offline  monitor_task.o
    0x0800d988   0x0800d988   0x0000005c   Code   RO         1257    i.judgesystem_param_init  drv_judgesystem.o
    0x0800d9e4   0x0800d9e4   0x0000005a   Code   RO         1292    i.kalman1_filter    kalman_filter.o
    0x0800da3e   0x0800da3e   0x0000001e   Code   RO         1293    i.kalman1_init      kalman_filter.o
    0x0800da5c   0x0800da5c   0x00000002   Code   RO         1485    i.left              stmgood.o
    0x0800da5e   0x0800da5e   0x00000002   Code   RO         1486    i.left1             stmgood.o
    0x0800da60   0x0800da60   0x00000140   Code   RO         1378    i.limit_chassis_current  chassis.o
    0x0800dba0   0x0800dba0   0x00000046   Code   RO         1304    i.loop_float_constrain  usr_math.o
    0x0800dbe6   0x0800dbe6   0x00000072   Code   RO            7    i.main              main.o
    0x0800dc58   0x0800dc58   0x0000000c   Code   RO         1060    i.makeFreeRtosPriority  cmsis_os.o
    0x0800dc64   0x0800dc64   0x0000011c   Code   RO         1331    i.mpu_device_init   drv_imu.o
    0x0800dd80   0x0800dd80   0x0000016c   Code   RO         1332    i.mpu_get_data      drv_imu.o
    0x0800deec   0x0800deec   0x0000002c   Code   RO         1333    i.mpu_get_temp      drv_imu.o
    0x0800df18   0x0800df18   0x0000000c   Code   RO         1334    i.mpu_heat_output   drv_imu.o
    0x0800df24   0x0800df24   0x0000008e   Code   RO         1335    i.mpu_mst_i2c_auto_read_config  drv_imu.o
    0x0800dfb2   0x0800dfb2   0x00000002   PAD
    0x0800dfb4   0x0800dfb4   0x00000050   Code   RO         1336    i.mpu_read_reg      drv_imu.o
    0x0800e004   0x0800e004   0x00000060   Code   RO         1337    i.mpu_read_regs     drv_imu.o
    0x0800e064   0x0800e064   0x00000054   Code   RO         1338    i.mpu_write_reg     drv_imu.o
    0x0800e0b8   0x0800e0b8   0x00000068   Code   RO         1487    i.multi1            stmgood.o
    0x0800e120   0x0800e120   0x00000068   Code   RO         1488    i.multi2            stmgood.o
    0x0800e188   0x0800e188   0x00000064   Code   RO         1489    i.multi3            stmgood.o
    0x0800e1ec   0x0800e1ec   0x00000068   Code   RO         1490    i.multi4            stmgood.o
    0x0800e254   0x0800e254   0x00000002   Code   RO         1491    i.multi5            stmgood.o
    0x0800e256   0x0800e256   0x00000002   Code   RO         1492    i.multi6            stmgood.o
    0x0800e258   0x0800e258   0x00000002   Code   RO         1493    i.multi7            stmgood.o
    0x0800e25a   0x0800e25a   0x00000002   Code   RO         1494    i.multi8            stmgood.o
    0x0800e25c   0x0800e25c   0x00000002   Code   RO         1495    i.multi9            stmgood.o
    0x0800e25e   0x0800e25e   0x00000002   PAD
    0x0800e260   0x0800e260   0x0000006c   Code   RO         1217    i.oled_LOGO         drv_oled.o
    0x0800e2cc   0x0800e2cc   0x00000044   Code   RO         1218    i.oled_clear        drv_oled.o
    0x0800e310   0x0800e310   0x0000004c   Code   RO         1222    i.oled_drawpoint    drv_oled.o
    0x0800e35c   0x0800e35c   0x00000124   Code   RO         1223    i.oled_init         drv_oled.o
    0x0800e480   0x0800e480   0x00000034   Code   RO         1226    i.oled_refresh_gram  drv_oled.o
    0x0800e4b4   0x0800e4b4   0x0000002a   Code   RO         1227    i.oled_set_pos      drv_oled.o
    0x0800e4de   0x0800e4de   0x00000002   PAD
    0x0800e4e0   0x0800e4e0   0x00000034   Code   RO         1231    i.oled_write_byte   drv_oled.o
    0x0800e514   0x0800e514   0x00000010   Code   RO         1151    i.open_bullet_magazine  drv_timer.o
    0x0800e524   0x0800e524   0x00000010   Code   RO         1062    i.osDelay           cmsis_os.o
    0x0800e534   0x0800e534   0x00000010   Code   RO         1063    i.osDelayUntil      cmsis_os.o
    0x0800e544   0x0800e544   0x0000000a   Code   RO         1065    i.osKernelStart     cmsis_os.o
    0x0800e54e   0x0800e54e   0x00000058   Code   RO         1099    i.osThreadCreate    cmsis_os.o
    0x0800e5a6   0x0800e5a6   0x00000002   Code   RO         1496    i.part1             stmgood.o
    0x0800e5a8   0x0800e5a8   0x00000002   Code   RO         1497    i.part2             stmgood.o
    0x0800e5aa   0x0800e5aa   0x00000002   Code   RO         1498    i.part3             stmgood.o
    0x0800e5ac   0x0800e5ac   0x00000002   Code   RO         1499    i.part4             stmgood.o
    0x0800e5ae   0x0800e5ae   0x00000002   Code   RO         1500    i.part5             stmgood.o
    0x0800e5b0   0x0800e5b0   0x00000002   Code   RO         1501    i.part6             stmgood.o
    0x0800e5b2   0x0800e5b2   0x00000002   PAD
    0x0800e5b4   0x0800e5b4   0x000000c8   Code   RO         1280    i.pid_calculate     pid.o
    0x0800e67c   0x0800e67c   0x00000016   Code   RO         1281    i.pid_param_init    pid.o
    0x0800e692   0x0800e692   0x00000002   PAD
    0x0800e694   0x0800e694   0x00000028   Code   RO         1282    i.pid_reset         pid.o
    0x0800e6bc   0x0800e6bc   0x00000050   Code   RO         1284    i.pid_struct_init   pid.o
    0x0800e70c   0x0800e70c   0x000000ac   Code   RO         1211    i.play_music        drv_buzzer.o
    0x0800e7b8   0x0800e7b8   0x00000002   Code   RO         1561    i.print_debus       debug_printf_task.o
    0x0800e7ba   0x0800e7ba   0x00000002   Code   RO         1562    i.print_vision      debug_printf_task.o
    0x0800e7bc   0x0800e7bc   0x00000002   Code   RO         1563    i.printf_chassis    debug_printf_task.o
    0x0800e7be   0x0800e7be   0x00000002   PAD
    0x0800e7c0   0x0800e7c0   0x00000078   Code   RO         1564    i.printf_debug_data  debug_printf_task.o
    0x0800e838   0x0800e838   0x00000002   Code   RO         1565    i.printf_gimbal     debug_printf_task.o
    0x0800e83a   0x0800e83a   0x00000002   Code   RO         1566    i.printf_judge      debug_printf_task.o
    0x0800e83c   0x0800e83c   0x00000002   Code   RO         1567    i.printf_shoot      debug_printf_task.o
    0x0800e83e   0x0800e83e   0x00000002   PAD
    0x0800e840   0x0800e840   0x00000070   Code   RO          970    i.prvAddCurrentTaskToDelayedList  tasks.o
    0x0800e8b0   0x0800e8b0   0x0000008c   Code   RO          971    i.prvAddNewTaskToReadyList  tasks.o
    0x0800e93c   0x0800e93c   0x00000058   Code   RO         1031    i.prvCheckForValidListAndQueue  timers.o
    0x0800e994   0x0800e994   0x0000003c   Code   RO          972    i.prvCheckTasksWaitingTermination  tasks.o
    0x0800e9d0   0x0800e9d0   0x00000028   Code   RO          910    i.prvCopyDataFromQueue  queue.o
    0x0800e9f8   0x0800e9f8   0x0000006e   Code   RO          911    i.prvCopyDataToQueue  queue.o
    0x0800ea66   0x0800ea66   0x00000040   Code   RO          973    i.prvDeleteTCB      tasks.o
    0x0800eaa6   0x0800eaa6   0x00000002   PAD
    0x0800eaa8   0x0800eaa8   0x00000024   Code   RO         1032    i.prvGetNextExpireTime  timers.o
    0x0800eacc   0x0800eacc   0x0000004c   Code   RO         1114    i.prvHeapInit       heap_4.o
    0x0800eb18   0x0800eb18   0x00000028   Code   RO          974    i.prvIdleTask       tasks.o
    0x0800eb40   0x0800eb40   0x00000022   Code   RO          914    i.prvInitialiseNewQueue  queue.o
    0x0800eb62   0x0800eb62   0x0000009a   Code   RO          975    i.prvInitialiseNewTask  tasks.o
    0x0800ebfc   0x0800ebfc   0x00000058   Code   RO          976    i.prvInitialiseTaskLists  tasks.o
    0x0800ec54   0x0800ec54   0x00000054   Code   RO         1115    i.prvInsertBlockIntoFreeList  heap_4.o
    0x0800eca8   0x0800eca8   0x00000040   Code   RO         1034    i.prvInsertTimerInActiveList  timers.o
    0x0800ece8   0x0800ece8   0x0000001a   Code   RO          915    i.prvIsQueueEmpty   queue.o
    0x0800ed02   0x0800ed02   0x0000001e   Code   RO          916    i.prvIsQueueFull    queue.o
    0x0800ed20   0x0800ed20   0x0000005c   Code   RO         1035    i.prvProcessExpiredTimer  timers.o
    0x0800ed7c   0x0800ed7c   0x000000bc   Code   RO         1036    i.prvProcessReceivedCommands  timers.o
    0x0800ee38   0x0800ee38   0x0000006c   Code   RO         1037    i.prvProcessTimerOrBlockTask  timers.o
    0x0800eea4   0x0800eea4   0x00000024   Code   RO          978    i.prvResetNextTaskUnblockTime  tasks.o
    0x0800eec8   0x0800eec8   0x0000002c   Code   RO         1038    i.prvSampleTimeNow  timers.o
    0x0800eef4   0x0800eef4   0x0000006c   Code   RO         1039    i.prvSwitchTimerLists  timers.o
    0x0800ef60   0x0800ef60   0x0000002c   Code   RO         1125    i.prvTaskExitError  port.o
    0x0800ef8c   0x0800ef8c   0x00000014   Code   RO         1040    i.prvTimerTask      timers.o
    0x0800efa0   0x0800efa0   0x0000006a   Code   RO          917    i.prvUnlockQueue    queue.o
    0x0800f00a   0x0800f00a   0x00000002   PAD
    0x0800f00c   0x0800f00c   0x000000d4   Code   RO         1116    i.pvPortMalloc      heap_4.o
    0x0800f0e0   0x0800f0e0   0x00000034   Code   RO         1152    i.pwm_init          drv_timer.o
    0x0800f114   0x0800f114   0x00000024   Code   RO         1126    i.pxPortInitialiseStack  port.o
    0x0800f138   0x0800f138   0x00000084   Code   RO         1581    i.quat_normalization  AHRS.lib(ahrs.o)
    0x0800f1bc   0x0800f1bc   0x00000038   Code   RO         1288    i.ramp_cal          ramp.o
    0x0800f1f4   0x0800f1f4   0x00000014   Code   RO         1289    i.ramp_init         ramp.o
    0x0800f208   0x0800f208   0x00000110   Code   RO         1367    i.rc_mode_switch    infantry.o
    0x0800f318   0x0800f318   0x00000002   Code   RO         1502    i.right             stmgood.o
    0x0800f31a   0x0800f31a   0x00000002   Code   RO         1503    i.right1            stmgood.o
    0x0800f31c   0x0800f31c   0x00000158   Code   RO         1426    i.robot_shoot_ctr   vision.o
    0x0800f474   0x0800f474   0x00000060   Code   RO         1242    i.send_data_to_nuc  drv_nuc_interface.o
    0x0800f4d4   0x0800f4d4   0x00000080   Code   RO         1404    i.shoot_by_heat     shoot.o
    0x0800f554   0x0800f554   0x000000bc   Code   RO         1405    i.shoot_ctrl        shoot.o
    0x0800f610   0x0800f610   0x00000064   Code   RO         1406    i.shoot_once        shoot.o
    0x0800f674   0x0800f674   0x000000b0   Code   RO         1407    i.shoot_param_init  shoot.o
    0x0800f724   0x0800f724   0x00000002   Code   RO         1408    i.shoot_pid_param_reset  shoot.o
    0x0800f726   0x0800f726   0x00000002   Code   RO         1568    i.show_fps_data     debug_printf_task.o
    0x0800f728   0x0800f728   0x0000006e   Code   RO         1730    i.sqrt              m_wm.l(sqrt_full.o)
    0x0800f796   0x0800f796   0x0000003e   Code   RO         1924    i.sqrtf             m_wm.l(sqrtf_full.o)
    0x0800f7d4   0x0800f7d4   0x00000002   Code   RO         1524    i.stopcar           stmgood.o
    0x0800f7d6   0x0800f7d6   0x00000002   PAD
    0x0800f7d8   0x0800f7d8   0x000000ac   Code   RO         1379    i.switch_chassis_mode  chassis.o
    0x0800f884   0x0800f884   0x000000b8   Code   RO         1393    i.switch_gimbal_mode  gimbal.o
    0x0800f93c   0x0800f93c   0x00000048   Code   RO         1409    i.switch_shoot_mode  shoot.o
    0x0800f984   0x0800f984   0x00000028   Code   RO         1427    i.switch_vision_mode  vision.o
    0x0800f9ac   0x0800f9ac   0x000003e0   Code   RO         1380    i.transform_chassis_spd  chassis.o
    0x0800fd8c   0x0800fd8c   0x00000010   Code   RO         1143    i.turn_on_laser     drv_io.o
    0x0800fd9c   0x0800fd9c   0x0000007a   Code   RO         1582    i.update_w          AHRS.lib(ahrs.o)
    0x0800fe16   0x0800fe16   0x00000026   Code   RO          904    i.uxListRemove      list.o
    0x0800fe3c   0x0800fe3c   0x00000014   Code   RO           46    i.vApplicationGetIdleTaskMemory  freertos.o
    0x0800fe50   0x0800fe50   0x00000014   Code   RO           47    i.vApplicationGetTimerTaskMemory  freertos.o
    0x0800fe64   0x0800fe64   0x00000002   Code   RO           48    i.vApplicationStackOverflowHook  freertos.o
    0x0800fe66   0x0800fe66   0x00000016   Code   RO          905    i.vListInitialise   list.o
    0x0800fe7c   0x0800fe7c   0x00000006   Code   RO          906    i.vListInitialiseItem  list.o
    0x0800fe82   0x0800fe82   0x00000030   Code   RO          907    i.vListInsert       list.o
    0x0800feb2   0x0800feb2   0x00000018   Code   RO          908    i.vListInsertEnd    list.o
    0x0800feca   0x0800feca   0x00000002   PAD
    0x0800fecc   0x0800fecc   0x00000040   Code   RO         1128    i.vPortEnterCritical  port.o
    0x0800ff0c   0x0800ff0c   0x0000002c   Code   RO         1129    i.vPortExitCritical  port.o
    0x0800ff38   0x0800ff38   0x0000005c   Code   RO         1117    i.vPortFree         heap_4.o
    0x0800ff94   0x0800ff94   0x00000024   Code   RO         1130    i.vPortSetupTimerInterrupt  port.o
    0x0800ffb8   0x0800ffb8   0x00000054   Code   RO         1131    i.vPortValidateInterruptPriority  port.o
    0x0801000c   0x0801000c   0x00000024   Code   RO          923    i.vQueueAddToRegistry  queue.o
    0x08010030   0x08010030   0x00000046   Code   RO          927    i.vQueueWaitForMessageRestricted  queue.o
    0x08010076   0x08010076   0x00000002   PAD
    0x08010078   0x08010078   0x00000050   Code   RO          990    i.vTaskDelay        tasks.o
    0x080100c8   0x080100c8   0x00000098   Code   RO          991    i.vTaskDelayUntil   tasks.o
    0x08010160   0x08010160   0x00000010   Code   RO          995    i.vTaskInternalSetTimeOutState  tasks.o
    0x08010170   0x08010170   0x0000000c   Code   RO          996    i.vTaskMissedYield  tasks.o
    0x0801017c   0x0801017c   0x00000034   Code   RO          998    i.vTaskPlaceOnEventList  tasks.o
    0x080101b0   0x080101b0   0x0000003c   Code   RO          999    i.vTaskPlaceOnEventListRestricted  tasks.o
    0x080101ec   0x080101ec   0x00000090   Code   RO         1007    i.vTaskStartScheduler  tasks.o
    0x0801027c   0x0801027c   0x00000010   Code   RO         1009    i.vTaskSuspendAll   tasks.o
    0x0801028c   0x0801028c   0x00000078   Code   RO         1010    i.vTaskSwitchContext  tasks.o
    0x08010304   0x08010304   0x00000108   Code   RO         1243    i.vision_decode_handle  drv_nuc_interface.o
    0x0801040c   0x0801040c   0x00000174   Code   RO         1428    i.vision_param_init  vision.o
    0x08010580   0x08010580   0x00000002   Code   RO         1429    i.vision_pid_pamar_reset  vision.o
    0x08010582   0x08010582   0x00000002   PAD
    0x08010584   0x08010584   0x00000028   Code   RO         1430    i.vision_shoot_ctrl  vision.o
    0x080105ac   0x080105ac   0x000000f4   Code   RO         1132    i.xPortStartScheduler  port.o
    0x080106a0   0x080106a0   0x0000006c   Code   RO          931    i.xQueueGenericCreateStatic  queue.o
    0x0801070c   0x0801070c   0x0000008c   Code   RO          932    i.xQueueGenericReset  queue.o
    0x08010798   0x08010798   0x00000164   Code   RO          933    i.xQueueGenericSend  queue.o
    0x080108fc   0x080108fc   0x000000be   Code   RO          934    i.xQueueGenericSendFromISR  queue.o
    0x080109ba   0x080109ba   0x00000002   PAD
    0x080109bc   0x080109bc   0x0000013c   Code   RO          940    i.xQueueReceive     queue.o
    0x08010af8   0x08010af8   0x0000007c   Code   RO         1011    i.xTaskCheckForTimeOut  tasks.o
    0x08010b74   0x08010b74   0x00000064   Code   RO         1012    i.xTaskCreate       tasks.o
    0x08010bd8   0x08010bd8   0x0000005c   Code   RO         1013    i.xTaskCreateStatic  tasks.o
    0x08010c34   0x08010c34   0x0000001c   Code   RO         1017    i.xTaskGetSchedulerState  tasks.o
    0x08010c50   0x08010c50   0x0000000c   Code   RO         1018    i.xTaskGetTickCount  tasks.o
    0x08010c5c   0x08010c5c   0x000000cc   Code   RO         1020    i.xTaskIncrementTick  tasks.o
    0x08010d28   0x08010d28   0x00000098   Code   RO         1023    i.xTaskPriorityDisinherit  tasks.o
    0x08010dc0   0x08010dc0   0x0000007c   Code   RO         1025    i.xTaskRemoveFromEventList  tasks.o
    0x08010e3c   0x08010e3c   0x000000cc   Code   RO         1026    i.xTaskResumeAll    tasks.o
    0x08010f08   0x08010f08   0x00000068   Code   RO         1047    i.xTimerCreateTimerTask  timers.o
    0x08010f70   0x08010f70   0x00000068   Code   RO         1048    i.xTimerGenericCommand  timers.o
    0x08010fd8   0x08010fd8   0x00000118   Data   RO           50    .constdata          freertos.o
    0x080110f0   0x080110f0   0x00000008   Data   RO          311    .constdata          stm32f4xx_hal_dma.o
    0x080110f8   0x080110f8   0x00000010   Data   RO          888    .constdata          system_stm32f4xx.o
    0x08011108   0x08011108   0x00000008   Data   RO          889    .constdata          system_stm32f4xx.o
    0x08011110   0x08011110   0x00000874   Data   RO         1233    .constdata          drv_oled.o
    0x08011984   0x08011984   0x00000300   Data   RO         1277    .constdata          crc.o
    0x08011c84   0x08011c84   0x0000000e   Data   RO         1342    .constdata          drv_imu.o
    0x08011c92   0x08011c92   0x00000002   PAD
    0x08011c94   0x08011c94   0x0000000c   Data   RO         1583    .constdata          AHRS.lib(ahrs.o)
    0x08011ca0   0x08011ca0   0x00000804   Data   RO         1652    .constdata          arm_cortexM4lf_math.lib(arm_common_tables.o)
    0x080124a4   0x080124a4   0x00000004   PAD
    0x080124a8   0x080124a8   0x00000088   Data   RO         1705    .constdata          m_wm.l(pow.o)
    0x08012530   0x08012530   0x00000098   Data   RO         1888    .constdata          m_wm.l(atan.o)
    0x080125c8   0x080125c8   0x00000030   Data   RO         1894    .constdata          m_wm.l(cos_i.o)
    0x080125f8   0x080125f8   0x00000008   Data   RO         1912    .constdata          m_wm.l(qnan.o)
    0x08012600   0x08012600   0x000000c8   Data   RO         1915    .constdata          m_wm.l(rred.o)
    0x080126c8   0x080126c8   0x00000020   Data   RO         1917    .constdata          m_wm.l(rredf.o)
    0x080126e8   0x080126e8   0x00000028   Data   RO         1919    .constdata          m_wm.l(sin_i.o)
    0x08012710   0x08012710   0x0000007b   Data   RO           51    .conststring        freertos.o
    0x0801278b   0x0801278b   0x00000001   PAD
    0x0801278c   0x0801278c   0x00000020   Data   RO         1959    Region$$Table       anon$$obj.o


    Execution Region ER_RW (Exec base: 0x20000000, Load base: 0x080127ac, Size: 0x000003f4, Max: 0xffffffff, ABSOLUTE, COMPRESSED[0x0000006c])

    Exec Addr    Load Addr    Size         Type   Attr      Idx    E Section Name        Object

    0x20000000   COMPRESSED   0x00000004   Data   RW           27    .data               can.o
    0x20000004   COMPRESSED   0x00000028   Data   RW           52    .data               freertos.o
    0x2000002c   COMPRESSED   0x0000000c   Data   RW          398    .data               stm32f4xx_hal.o
    0x20000038   COMPRESSED   0x00000004   Data   RW          890    .data               system_stm32f4xx.o
    0x2000003c   COMPRESSED   0x0000003c   Data   RW         1029    .data               tasks.o
    0x20000078   COMPRESSED   0x00000014   Data   RW         1054    .data               timers.o
    0x2000008c   COMPRESSED   0x00000018   Data   RW         1122    .data               heap_4.o
    0x200000a4   COMPRESSED   0x0000000c   Data   RW         1133    .data               port.o
    0x200000b0   COMPRESSED   0x00000010   Data   RW         1175    .data               drv_can.o
    0x200000c0   COMPRESSED   0x00000018   Data   RW         1181    .data               drv_adc.o
    0x200000d8   COMPRESSED   0x00000006   Data   RW         1200    .data               drv_dbus.o
    0x200000de   COMPRESSED   0x00000002   PAD
    0x200000e0   COMPRESSED   0x00000060   Data   RW         1212    .data               drv_buzzer.o
    0x20000140   COMPRESSED   0x00000010   Data   RW         1246    .data               drv_nuc_interface.o
    0x20000150   COMPRESSED   0x00000014   Data   RW         1261    .data               drv_judgesystem.o
    0x20000164   COMPRESSED   0x00000002   Data   RW         1278    .data               crc.o
    0x20000166   COMPRESSED   0x00000002   PAD
    0x20000168   COMPRESSED   0x00000048   Data   RW         1314    .data               dataexchange.o
    0x200001b0   COMPRESSED   0x00000024   Data   RW         1343    .data               drv_imu.o
    0x200001d4   COMPRESSED   0x00000002   Data   RW         1369    .data               infantry.o
    0x200001d6   COMPRESSED   0x00000002   PAD
    0x200001d8   COMPRESSED   0x00000034   Data   RW         1383    .data               chassis.o
    0x2000020c   COMPRESSED   0x00000004   PAD
    0x20000210   COMPRESSED   0x000000b8   Data   RW         1395    .data               gimbal.o
    0x200002c8   COMPRESSED   0x00000068   Data   RW         1411    .data               shoot.o
    0x20000330   COMPRESSED   0x00000010   Data   RW         1432    .data               vision.o
    0x20000340   COMPRESSED   0x00000001   Data   RW         1433    .data               vision.o
    0x20000341   COMPRESSED   0x00000007   PAD
    0x20000348   COMPRESSED   0x00000088   Data   RW         1526    .data               stmgood.o
    0x200003d0   COMPRESSED   0x00000008   Data   RW         1556    .data               monitor_task.o
    0x200003d8   COMPRESSED   0x00000001   Data   RW         1569    .data               debug_printf_task.o
    0x200003d9   COMPRESSED   0x00000003   PAD
    0x200003dc   COMPRESSED   0x00000010   Data   RW         1584    .data               AHRS.lib(ahrs.o)
    0x200003ec   COMPRESSED   0x00000004   Data   RW         1942    .data               mc_w.l(stdout.o)
    0x200003f0   COMPRESSED   0x00000004   Data   RW         1950    .data               mc_w.l(errno.o)


    Execution Region ER_ZI (Exec base: 0x200003f4, Load base: 0x08012818, Size: 0x00006a0c, Max: 0xffffffff, ABSOLUTE)

    Exec Addr    Load Addr    Size         Type   Attr      Idx    E Section Name        Object

    0x200003f4        -       0x000000a8   Zero   RW           18    .bss                adc.o
    0x2000049c        -       0x00000050   Zero   RW           26    .bss                can.o
    0x200004ec        -       0x000004b8   Zero   RW           49    .bss                freertos.o
    0x200009a4        -       0x0000000c   Zero   RW           57    .bss                iwdg.o
    0x200009b0        -       0x00000020   Zero   RW           64    .bss                rtc.o
    0x200009d0        -       0x00000084   Zero   RW           71    .bss                sdio.o
    0x20000a54        -       0x000000b0   Zero   RW           79    .bss                spi.o
    0x20000b04        -       0x00000040   Zero   RW           90    .bss                stm32f4xx_hal_timebase_tim.o
    0x20000b44        -       0x000001c0   Zero   RW          104    .bss                tim.o
    0x20000d04        -       0x000003c0   Zero   RW          116    .bss                usart.o
    0x200010c4        -       0x00000040   Zero   RW          943    .bss                queue.o
    0x20001104        -       0x000000f0   Zero   RW         1028    .bss                tasks.o
    0x200011f4        -       0x000000f0   Zero   RW         1053    .bss                timers.o
    0x200012e4        -       0x00003c00   Zero   RW         1121    .bss                heap_4.o
    0x20004ee4        -       0x0000005a   Zero   RW         1165    .bss                drv_uart.o
    0x20004f3e   0x08012818   0x00000002   PAD
    0x20004f40        -       0x00000020   Zero   RW         1192    .bss                drv_flash.o
    0x20004f60        -       0x00000016   Zero   RW         1199    .bss                drv_dbus.o
    0x20004f76        -       0x00000400   Zero   RW         1232    .bss                drv_oled.o
    0x20005376   0x08012818   0x00000002   PAD
    0x20005378        -       0x00000860   Zero   RW         1244    .bss                drv_nuc_interface.o
    0x20005bd8        -       0x00000036   Zero   RW         1252    .bss                drv_keyboard.o
    0x20005c0e   0x08012818   0x00000002   PAD
    0x20005c10        -       0x00000040   Zero   RW         1259    .bss                drv_judgesystem.o
    0x20005c50        -       0x00000070   Zero   RW         1312    .bss                dataexchange.o
    0x20005cc0        -       0x00000084   Zero   RW         1339    .bss                drv_imu.o
    0x20005d44        -       0x00000024   Zero   RW         1340    .bss                drv_imu.o
    0x20005d68        -       0x00000010   Zero   RW         1368    .bss                infantry.o
    0x20005d78        -       0x000001f4   Zero   RW         1381    .bss                chassis.o
    0x20005f6c   0x08012818   0x00000004   PAD
    0x20005f70        -       0x00000160   Zero   RW         1382    .bss                chassis.o
    0x200060d0        -       0x00000100   Zero   RW         1394    .bss                gimbal.o
    0x200061d0        -       0x000001b0   Zero   RW         1410    .bss                shoot.o
    0x20006380        -       0x000001f0   Zero   RW         1431    .bss                vision.o
    0x20006570        -       0x00000450   Zero   RW         1525    .bss                stmgood.o
    0x200069c0        -       0x0000003a   Zero   RW         1555    .bss                monitor_task.o
    0x200069fa   0x08012818   0x00000006   PAD
    0x20006a00        -       0x00000400   Zero   RW         1134    STACK               startup_stm32f427xx.o


==============================================================================

Image component sizes


      Code (inc. data)   RO Data    RW Data    ZI Data      Debug   Object Name

       280         32          0          0        168          0   adc.o
       100         16          0          0          0          0   ahrs_middleware.o
       428         40          0          4         80          0   can.o
      2486        144          0         52        852          0   chassis.o
       368         40          0          0          0          0   chassis_task.o
       142          0          0          0          0          0   cmsis_os.o
       172         12        768          2          0          0   crc.o
      1040         74          0         72        112          0   dataexchange.o
       154         62          0          1          0          0   debug_printf_task.o
       156          4          0          0          0          0   dma.o
       144         28          0         24          0          0   drv_adc.o
       532         58          0         96          0          0   drv_buzzer.o
      1448        102          0         16          0          0   drv_can.o
       364         22          0          6         22          0   drv_dbus.o
        24         10          0          0         32          0   drv_flash.o
      1738        226         14         36        168          0   drv_imu.o
        72         10          0          0          0          0   drv_io.o
        92         12          0         20         64          0   drv_judgesystem.o
       374          6          0          0         54          0   drv_keyboard.o
       640         96          0         16       2144          0   drv_nuc_interface.o
       690         34       2164          0       1024          0   drv_oled.o
       136         36          0          0          0          0   drv_timer.o
       270         36          0          0         90          0   drv_uart.o
       310         16        403         40       1208          0   freertos.o
      1178        110          0        184        256          0   gimbal.o
       300         52          0          0          0          0   gimbal_task.o
       412         34          0          0          0          0   gpio.o
       464         22          0         24      15360          0   heap_4.o
        48          6          0          0          0          0   imu_update_task.o
       440         74          0          2         16          0   infantry.o
        44          8          0          0         12          0   iwdg.o
       120          0          0          0          0          0   kalman_filter.o
       138          0          0          0          0          0   list.o
       328         14          0          0          0          0   main.o
      1346         84          0          8         58          0   monitor_task.o
       384         18          0          0          0          0   pid.o
       786         84          0         12          0          0   port.o
      1562         20          0          0         64          0   queue.o
        76         12          0          0          0          0   ramp.o
       168         16          0          0         32          0   rtc.o
       228         26          0          0        132          0   sdio.o
      1442        176          0        104        432          0   shoot.o
       168         42          0          0          0          0   shoot_task.o
       320         42          0          0        176          0   spi.o
        36          8        428          0       1024          0   startup_stm32f427xx.o
       116         18          0         12          0          0   stm32f4xx_hal.o
      1230         64          0          0          0          0   stm32f4xx_hal_adc.o
      1768          6          0          0          0          0   stm32f4xx_hal_can.o
       158         14          0          0          0          0   stm32f4xx_hal_cortex.o
      1180         14          8          0          0          0   stm32f4xx_hal_dma.o
       512         54          0          0          0          0   stm32f4xx_hal_gpio.o
        94          0          0          0          0          0   stm32f4xx_hal_iwdg.o
        56          4          0          0          0          0   stm32f4xx_hal_msp.o
       116         12          0          0          0          0   stm32f4xx_hal_pwr_ex.o
      1480         80          0          0          0          0   stm32f4xx_hal_rcc.o
       584         38          0          0          0          0   stm32f4xx_hal_rcc_ex.o
       778         14          0          0          0          0   stm32f4xx_hal_rtc.o
       208          0          0          0          0          0   stm32f4xx_hal_rtc_ex.o
      2400         16          0          0          0          0   stm32f4xx_hal_sd.o
      1236         10          0          0          0          0   stm32f4xx_hal_spi.o
      1582         98          0          0          0          0   stm32f4xx_hal_tim.o
       154          0          0          0          0          0   stm32f4xx_hal_tim_ex.o
       116         16          0          0         64          0   stm32f4xx_hal_timebase_tim.o
      2288         26          0          0          0          0   stm32f4xx_hal_uart.o
       204         90          0          0          0          0   stm32f4xx_it.o
      1492         50          0          0          0          0   stm32f4xx_ll_sdmmc.o
      3122        466          0        136       1104          0   stmgood.o
        84         18         24          4          0          0   system_stm32f4xx.o
      2386        184          0         60        240          0   tasks.o
      1828        138          0          0        448          0   tim.o
       956         86          0         20        240          0   timers.o
      1432        116          0          0        960          0   usart.o
       134          0          0          0          0          0   usr_math.o
      2336        338          0         17        496          0   vision.o

    ----------------------------------------------------------------------
     52260       3934       3844        988      27148          0   Object Totals
         0          0         32          0          0          0   (incl. Generated)
        82          0          3         20         16          0   (incl. Padding)

    ----------------------------------------------------------------------

      Code (inc. data)   RO Data    RW Data    ZI Data      Debug   Library Member Name

      2718         84         12         16          0          0   ahrs.o
         0          0       2052          0          0          0   arm_common_tables.o
       120         12          0          0          0          0   arm_cos_f32.o
       148         18          0          0          0          0   arm_sin_f32.o
       300         42          0          0          0          0   asinf.o
       744        106        152          0          0          0   atan.o
       496         64          0          0          0          0   atan2.o
       592         90          0          0          0          0   atan2f.o
       200         20          0          0          0          0   cos.o
       368         46         48          0          0          0   cos_i.o
       336         56          0          0          0          0   cosf.o
       184         44          0          0          0          0   dunder.o
        44          0          0          0          0          0   fabs.o
        48          0          0          0          0          0   fpclassify.o
        38          0          0          0          0          0   fpclassifyf.o
        44         12          0          0          0          0   funder.o
       248          0          0          0          0          0   poly.o
      3152        296        136          0          0          0   pow.o
         0          0          8          0          0          0   qnan.o
      1080        142        200          0          0          0   rred.o
       340         24         32          0          0          0   rredf.o
       200         20          0          0          0          0   sin.o
       304         24         40          0          0          0   sin_i.o
       400         56          0          0          0          0   sinf.o
       232          0          0          0          0          0   sqrt_full.o
        62          0          0          0          0          0   sqrtf_full.o
        86          0          0          0          0          0   __dczerorl2.o
         0          0          0          0          0          0   entry.o
         0          0          0          0          0          0   entry10a.o
         0          0          0          0          0          0   entry11a.o
         8          4          0          0          0          0   entry2.o
         4          0          0          0          0          0   entry5.o
         0          0          0          0          0          0   entry7b.o
         0          0          0          0          0          0   entry8b.o
         8          4          0          0          0          0   entry9a.o
        12          6          0          4          0          0   errno.o
        30          0          0          0          0          0   handlers.o
        36          8          0          0          0          0   init.o
         0          0          0          0          0          0   iusefp.o
        30          0          0          0          0          0   llshl.o
        36          0          0          0          0          0   llsshr.o
        32          0          0          0          0          0   llushr.o
        36          0          0          0          0          0   memcpya.o
        36          0          0          0          0          0   memseta.o
      2258         90          0          0          0          0   printfa.o
         0          0          0          4          0          0   stdout.o
        44          0          0          0          0          0   uidiv.o
        98          0          0          0          0          0   uldiv.o
        48          0          0          0          0          0   cdcmple.o
        48          0          0          0          0          0   cdrcmple.o
        56          0          0          0          0          0   d2f.o
       334          0          0          0          0          0   dadd.o
       222          0          0          0          0          0   ddiv.o
       186          0          0          0          0          0   depilogue.o
        62          0          0          0          0          0   dfixi.o
        48          0          0          0          0          0   dfixul.o
        34          0          0          0          0          0   dflti.o
        40          0          0          0          0          0   dfltl.o
        26          0          0          0          0          0   dfltui.o
       228          0          0          0          0          0   dmul.o
        46          0          0          0          0          0   dscalb.o
       162          0          0          0          0          0   dsqrt.o
        38          0          0          0          0          0   f2d.o
       110          0          0          0          0          0   fepilogue.o
        44          0          0          0          0          0   ffltl.o

    ----------------------------------------------------------------------
     16904       1272       2684         24          0          0   Library Totals
        20          4          4          0          0          0   (incl. Padding)

    ----------------------------------------------------------------------

      Code (inc. data)   RO Data    RW Data    ZI Data      Debug   Library Name

      2718         84         12         16          0          0   AHRS.lib
       268         30       2052          0          0          0   arm_cortexM4lf_math.lib
      9412       1042        616          0          0          0   m_wm.l
      2754        112          0          8          0          0   mc_w.l
      1732          0          0          0          0          0   mf_w.l

    ----------------------------------------------------------------------
     16904       1272       2684         24          0          0   Library Totals

    ----------------------------------------------------------------------

==============================================================================


      Code (inc. data)   RO Data    RW Data    ZI Data      Debug   

     69164       5206       6528       1012      27148          0   Grand Totals
     69164       5206       6528        108      27148          0   ELF Image Totals (compressed)
     69164       5206       6528        108          0          0   ROM Totals

==============================================================================

    Total RO  Size (Code + RO Data)                75692 (  73.92kB)
    Total RW  Size (RW Data + ZI Data)             28160 (  27.50kB)
    Total ROM Size (Code + RO Data + RW Data)      75800 (  74.02kB)

==============================================================================

